Archive member included because of file (symbol)

/opt/microchip/xc32/v2.40/bin/bin/../../lib/gcc/pic32mx/4.8.3/../../../../pic32mx/lib/libmchp_peripheral.a(read_core_timer_lib.o)
                              build/default/debug/delay/delay.o (ReadCoreTimer)
/opt/microchip/xc32/v2.40/bin/bin/../../lib/gcc/pic32mx/4.8.3/../../../../pic32mx/lib/libmchp_peripheral_32MX270F256B.a(soft_reset_lib.o)
                              build/default/debug/CustomHTTPApp.o (SoftReset)
/opt/microchip/xc32/v2.40/bin/bin/../../lib/gcc/pic32mx/4.8.3/../../../../pic32mx/lib/libmchp_peripheral_32MX270F256B.a(int_enable_interrupts_lib.o)
                              build/default/debug/usb/usb_device.o (INTEnableInterrupts)
/opt/microchip/xc32/v2.40/bin/bin/../../lib/gcc/pic32mx/4.8.3/../../../../pic32mx/lib/libmchp_peripheral_32MX270F256B.a(int_disable_interrupts_lib.o)
                              build/default/debug/main.o (INTDisableInterrupts)
/opt/microchip/xc32/v2.40/bin/bin/../../lib/gcc/pic32mx/4.8.3/../../../../pic32mx/lib/libmchp_peripheral_32MX270F256B.a(int_restore_interrupts_lib.o)
                              build/default/debug/main.o (INTRestoreInterrupts)
/opt/microchip/xc32/v2.40/bin/bin/../../lib/gcc/pic32mx/4.8.3/../../../../pic32mx/lib/libmchp_peripheral_32MX270F256B.a(int_enable_mv_int_lib.o)
                              build/default/debug/usb/usb_device.o (INTEnableSystemMultiVectoredInt)
/opt/microchip/xc32/v2.40/bin/bin/../../lib/gcc/pic32mx/4.8.3/../../../../pic32mx/lib/libmchp_peripheral_32MX270F256B.a(int_tbl_lib.o)
                              build/default/debug/uart/uart.o (INTClearFlag)
/opt/microchip/xc32/v2.40/bin/bin/../../lib/gcc/pic32mx/4.8.3/../../../../pic32mx/lib/libmchp_peripheral_32MX270F256B.a(rtcc_set_time_date_lib.o)
                              build/default/debug/net/SNTP.o (RtccSetTimeDate)
/opt/microchip/xc32/v2.40/bin/bin/../../lib/gcc/pic32mx/4.8.3/../../../../pic32mx/lib/libmchp_peripheral_32MX270F256B.a(nvm_erase_page_lib.o)
                              build/default/debug/nvram/nvram.o (NVMErasePage)
/opt/microchip/xc32/v2.40/bin/bin/../../lib/gcc/pic32mx/4.8.3/../../../../pic32mx/lib/libmchp_peripheral_32MX270F256B.a(nvm_operation_lib.o)
                              /opt/microchip/xc32/v2.40/bin/bin/../../lib/gcc/pic32mx/4.8.3/../../../../pic32mx/lib/libmchp_peripheral_32MX270F256B.a(nvm_erase_page_lib.o) (_NVMOperation)
/opt/microchip/xc32/v2.40/bin/bin/../../lib/gcc/pic32mx/4.8.3/../../../../pic32mx/lib/libmchp_peripheral_32MX270F256B.a(nvm_write_word_lib.o)
                              build/default/debug/nvram/nvram.o (NVMWriteWord)
/opt/microchip/xc32/v2.40/bin/bin/../../lib/gcc/pic32mx/4.8.3/../../../../pic32mx/lib/libmchp_peripheral_32MX270F256B.a(_rtcc_set_time_and_date_lib.o)
                              /opt/microchip/xc32/v2.40/bin/bin/../../lib/gcc/pic32mx/4.8.3/../../../../pic32mx/lib/libmchp_peripheral_32MX270F256B.a(rtcc_set_time_date_lib.o) (_RtccSetTimeAndDate)
/opt/microchip/xc32/v2.40/bin/bin/../../lib/gcc/pic32mx/4.8.3/../../../../pic32mx/lib/libmchp_peripheral_32MX270F256B.a(_rtcc_wait_clock_off_lib.o)
                              /opt/microchip/xc32/v2.40/bin/bin/../../lib/gcc/pic32mx/4.8.3/../../../../pic32mx/lib/libmchp_peripheral_32MX270F256B.a(_rtcc_set_time_and_date_lib.o) (_RtccWaitClockOff)
/opt/microchip/xc32/v2.40/bin/bin/../../lib/gcc/pic32mx/4.8.3/libgcc.a(_udivdi3.o)
                              build/default/debug/net/TCP.o (__udivdi3)
/opt/microchip/xc32/v2.40/bin/bin/../../lib/gcc/pic32mx/4.8.3/libgcc.a(floatunsisf.o)
                              build/default/debug/net/ENC28J60.o (__floatunsisf)
/opt/microchip/xc32/v2.40/bin/bin/../../lib/gcc/pic32mx/4.8.3/../../../../pic32mx/lib/libpic32.a(memcmp.o)
                              build/default/debug/CustomHTTPApp.o (memcmp)
/opt/microchip/xc32/v2.40/bin/bin/../../lib/gcc/pic32mx/4.8.3/../../../../pic32mx/lib/libpic32.a(memcpy.o)
                              build/default/debug/net/MPFS2.o (memcpy)
/opt/microchip/xc32/v2.40/bin/bin/../../lib/gcc/pic32mx/4.8.3/../../../../pic32mx/lib/libpic32.a(memset.o)
                              build/default/debug/config/config.o (memset)
/opt/microchip/xc32/v2.40/bin/bin/../../lib/gcc/pic32mx/4.8.3/../../../../pic32mx/lib/libpic32.a(strcmp.o)
                              build/default/debug/CustomHTTPApp.o (strcmp)
/opt/microchip/xc32/v2.40/bin/bin/../../lib/gcc/pic32mx/4.8.3/../../../../pic32mx/lib/libpic32.a(strlen.o)
                              build/default/debug/net/Helpers.o (strlen)
/opt/microchip/xc32/v2.40/bin/bin/../../lib/gcc/pic32mx/4.8.3/../../../../pic32mx/lib/libpic32.a(default-bootstrap-exception-handler.o)
                              /tmp/cc1HBx2X.o (_bootstrap_exception_handler)
/opt/microchip/xc32/v2.40/bin/bin/../../lib/gcc/pic32mx/4.8.3/../../../../pic32mx/lib/libpic32.a(default-on-reset.o)
                              /tmp/cc1HBx2X.o (_on_reset)
[...]
Memory Configuration

Name             Origin             Length             Attributes
kseg0_program_mem 0x000000009d000000 0x000000000003f000 xr
exception_mem    0x000000009d03f000 0x0000000000001000
debug_exec_mem   0x000000009fc00490 0x0000000000000760
kseg0_boot_mem   0x000000009fc00490 0x0000000000000000
kseg1_boot_mem   0x00000000bfc00000 0x0000000000000490
config3          0x00000000bfc00bf0 0x0000000000000004
config2          0x00000000bfc00bf4 0x0000000000000004
config1          0x00000000bfc00bf8 0x0000000000000004
config0          0x00000000bfc00bfc 0x0000000000000004
kseg1_data_mem   0x00000000a0000000 0x0000000000010000 w !x
sfrs             0x00000000bf800000 0x0000000000100000
configsfrs       0x00000000bfc00bf0 0x0000000000000010
*default*        0x0000000000000000 0xffffffffffffffff

Linker script and memory map

LOAD /opt/microchip/xc32/v2.40/bin/bin/../../lib/gcc/pic32mx/4.8.3/../../../../pic32mx/lib/debug-exception-return.o
LOAD build/default/debug/config/config.o
LOAD build/default/debug/delay/delay.o
LOAD build/default/debug/fatfs/ff.o
LOAD build/default/debug/fatfs/ffsystem.o
LOAD build/default/debug/fatfs/ffunicode.o
LOAD build/default/debug/fatfs/SPIFlash.o
LOAD build/default/debug/fatfs/diskio.o
LOAD build/default/debug/net/Announce.o
LOAD build/default/debug/net/ARCFOUR.o
LOAD build/default/debug/net/ARP.o
LOAD build/default/debug/net/AutoIP.o
LOAD build/default/debug/net/BerkeleyAPI.o
LOAD build/default/debug/net/BigInt.o
LOAD build/default/debug/CustomHTTPApp.o
LOAD build/default/debug/net/DHCP.o
LOAD build/default/debug/net/DNS.o
LOAD build/default/debug/net/ENC28J60.o
LOAD build/default/debug/net/FTP.o
LOAD build/default/debug/net/GenericTCPServer.o
LOAD build/default/debug/net/Hashes.o
LOAD build/default/debug/net/Helpers.o
LOAD build/default/debug/net/HTTP2.o
LOAD build/default/debug/net/ICMP.o
LOAD build/default/debug/net/IP.o
LOAD build/default/debug/net/MPFS2.o
LOAD build/default/debug/MPFSImg2.o
LOAD build/default/debug/net/NBNS.o
LOAD build/default/debug/net/Random.o
LOAD build/default/debug/net/Reboot.o
LOAD build/default/debug/net/RSA.o
LOAD build/default/debug/net/SMTP.o
LOAD build/default/debug/net/SNTP.o
LOAD build/default/debug/net/SSL.o
LOAD build/default/debug/net/StackTsk.o
LOAD build/default/debug/net/TCP.o
LOAD build/default/debug/net/Telnet.o
LOAD build/default/debug/net/Tick.o
LOAD build/default/debug/net/UDP.o
LOAD build/default/debug/net/ZeroconfHelper.o
LOAD build/default/debug/net/ZeroconfLinkLocal.o
LOAD build/default/debug/net/ZeroconfMulticastDNS.o
LOAD build/default/debug/nvram/nvram.o
LOAD build/default/debug/time/time.o
LOAD build/default/debug/uart/uart.o
LOAD build/default/debug/uart/debug_uart.o
LOAD build/default/debug/usb/event.o
LOAD build/default/debug/usb/usb_descriptors.o
LOAD build/default/debug/usb/usb_device.o
LOAD build/default/debug/usb/usb_function_cdc.o
LOAD build/default/debug/main.o
LOAD build/default/debug/common.o
                0x0000000000000001                __MPLAB_BUILD = 0x1
                0x0000000000000001                __MPLAB_DEBUG = 0x1
                0x0000000000000001                __DEBUG = 0x1
                0x0000000000000800                _min_heap_size = 0x800
LOAD /tmp/cc1HBx2X.o
LOAD /tmp/cciMKlRo.o
LOAD /tmp/cccJkBig.o
LOAD /opt/microchip/xc32/v2.40/bin/bin/../../lib/gcc/pic32mx/4.8.3/../../../../pic32mx/lib/pic32_software_reset.o
                0x0000000000000400                PROVIDE (_min_stack_size, 0x400)
START GROUP
LOAD /opt/microchip/xc32/v2.40/bin/bin/../../lib/gcc/pic32mx/4.8.3/../../../../pic32mx/lib/./proc/32MX270F256B/processor.o
END GROUP
START GROUP
LOAD /opt/microchip/xc32/v2.40/bin/bin/../../lib/gcc/pic32mx/4.8.3/../../../../pic32mx/lib/libmchp_peripheral.a
END GROUP
START GROUP
LOAD /opt/microchip/xc32/v2.40/bin/bin/../../lib/gcc/pic32mx/4.8.3/../../../../pic32mx/lib/libmchp_peripheral_32MX270F256B.a
END GROUP
                0x0000000000000001                PROVIDE (_vector_spacing, 0x1)
                0x000000009d03f000                PROVIDE (_ebase_address, 0x9d03f000)
                0x00000000bfc00000                _RESET_ADDR = 0xbfc00000
                0x00000000bfc00380                _BEV_EXCPT_ADDR = 0xbfc00380
                0x00000000bfc00480                _DBG_EXCPT_ADDR = 0xbfc00480
                0x000000009fc00490                _DBG_CODE_ADDR = 0x9fc00490
                0x0000000000000760                _DBG_CODE_SIZE = 0x760
                0x000000009d03f180                _GEN_EXCPT_ADDR = (_ebase_address + 0x180)

.config_BFC00BF0
                0x00000000bfc00bf0        0x4
 *(.config_BFC00BF0)
 .config_BFC00BF0
                0x00000000bfc00bf0        0x4 build/default/debug/main.o

.config_BFC00BF4
                0x00000000bfc00bf4        0x4
 *(.config_BFC00BF4)
 .config_BFC00BF4
                0x00000000bfc00bf4        0x4 build/default/debug/main.o

.config_BFC00BF8
                0x00000000bfc00bf8        0x4
 *(.config_BFC00BF8)
 .config_BFC00BF8
                0x00000000bfc00bf8        0x4 build/default/debug/main.o

.config_BFC00BFC
                0x00000000bfc00bfc        0x4
 *(.config_BFC00BFC)
 .config_BFC00BFC
                0x00000000bfc00bfc        0x4 build/default/debug/main.o
                0x00000000bfc02000                PROVIDE (_DBG_CODE_ADDR, 0xbfc02000)
                0x0000000000000ff0                PROVIDE (_DBG_CODE_SIZE, 0xff0)

.reset          0x00000000bfc00000      0x178
 *(.reset)
 .reset         0x00000000bfc00000        0x8 /tmp/cc1HBx2X.o
                0x00000000bfc00000                _reset
 *(.reset.startup)
 .reset.startup
                0x00000000bfc00008      0x170 /tmp/cc1HBx2X.o
                0x00000000bfc00008                _startup

.bev_excpt      0x00000000bfc00380       0x10
 *(.bev_handler)
 .bev_handler   0x00000000bfc00380       0x10 /tmp/cc1HBx2X.o

.dbg_excpt      0x00000000bfc00480        0x0
                0x00000000bfc00480                . = (. + DEFINED (_DEBUGGER)?0x8:0x0)

.dbg_code       0x000000009fc00490        0x0
                0x000000009fc00490                . = (. + DEFINED (_DEBUGGER)?_DBG_CODE_SIZE:0x0)

.app_excpt      0x000000009d03f180       0x10
 *(.gen_handler)
 .gen_handler   0x000000009d03f180       0x10 /tmp/cc1HBx2X.o

.vector_0       0x000000009d03f200        0x8
 *(.vector_0)
 .vector_0      0x000000009d03f200        0x8 /opt/microchip/xc32/v2.40/bin/bin/../../lib/gcc/pic32mx/4.8.3/../../../../pic32mx/lib/libpic32.a(vector0.o)
                0x000000009d03f200                __vector_dispatch_0
                0x0000000000000001                ASSERT (((_vector_spacing == 0x0) || (SIZEOF (.vector_0) <= (_vector_spacing << 0x5))), function at exception vector 0 too large)

.vector_1       0x000000009d03f220        0x8
 *(.vector_1)
 .vector_1      0x000000009d03f220        0x8 /opt/microchip/xc32/v2.40/bin/bin/../../lib/gcc/pic32mx/4.8.3/../../../../pic32mx/lib/libpic32.a(vector1.o)
                0x000000009d03f220                __vector_dispatch_1
                0x0000000000000001                ASSERT (((_vector_spacing == 0x0) || (SIZEOF (.vector_1) <= (_vector_spacing << 0x5))), function at exception vector 1 too large)

.vector_2       0x000000009d03f240        0x8
 *(.vector_2)
 .vector_2      0x000000009d03f240        0x8 /opt/microchip/xc32/v2.40/bin/bin/../../lib/gcc/pic32mx/4.8.3/../../../../pic32mx/lib/libpic32.a(vector2.o)
                0x000000009d03f240                __vector_dispatch_2
                0x0000000000000001                ASSERT (((_vector_spacing == 0x0) || (SIZEOF (.vector_2) <= (_vector_spacing << 0x5))), function at exception vector 2 too large)

.vector_3       0x000000009d03f260        0x8
 *(.vector_3)
 .vector_3      0x000000009d03f260        0x8 /opt/microchip/xc32/v2.40/bin/bin/../../lib/gcc/pic32mx/4.8.3/../../../../pic32mx/lib/libpic32.a(vector3.o)
                0x000000009d03f260                __vector_dispatch_3
                0x0000000000000001                ASSERT (((_vector_spacing == 0x0) || (SIZEOF (.vector_3) <= (_vector_spacing << 0x5))), function at exception vector 3 too large)

.vector_4       0x000000009d03f280        0x8
 *(.vector_4)
 .vector_4      0x000000009d03f280        0x8 build/default/debug/net/Tick.o
                0x000000009d03f280                __vector_dispatch_4
                0x0000000000000001                ASSERT (((_vector_spacing == 0x0) || (SIZEOF (.vector_4) <= (_vector_spacing << 0x5))), function at exception vector 4 too large)

.vector_5       0x000000009d03f2a0        0x8
 *(.vector_5)
 .vector_5      0x000000009d03f2a0        0x8 /opt/microchip/xc32/v2.40/bin/bin/../../lib/gcc/pic32mx/4.8.3/../../../../pic32mx/lib/libpic32.a(vector5.o)
                0x000000009d03f2a0                __vector_dispatch_5
                0x0000000000000001                ASSERT (((_vector_spacing == 0x0) || (SIZEOF (.vector_5) <= (_vector_spacing << 0x5))), function at exception vector 5 too large)

.vector_6       0x000000009d03f2c0        0x8
 *(.vector_6)
 .vector_6      0x000000009d03f2c0        0x8 /opt/microchip/xc32/v2.40/bin/bin/../../lib/gcc/pic32mx/4.8.3/../../../../pic32mx/lib/libpic32.a(vector6.o)
                0x000000009d03f2c0                __vector_dispatch_6
                0x0000000000000001                ASSERT (((_vector_spacing == 0x0) || (SIZEOF (.vector_6) <= (_vector_spacing << 0x5))), function at exception vector 6 too large)

.vector_7       0x000000009d03f2e0        0x8
 *(.vector_7)
 .vector_7      0x000000009d03f2e0        0x8 /opt/microchip/xc32/v2.40/bin/bin/../../lib/gcc/pic32mx/4.8.3/../../../../pic32mx/lib/libpic32.a(vector7.o)
                0x000000009d03f2e0                __vector_dispatch_7
                0x0000000000000001                ASSERT (((_vector_spacing == 0x0) || (SIZEOF (.vector_7) <= (_vector_spacing << 0x5))), function at exception vector 7 too large)

.vector_8       0x000000009d03f300        0x8
 *(.vector_8)
 .vector_8      0x000000009d03f300        0x8 /opt/microchip/xc32/v2.40/bin/bin/../../lib/gcc/pic32mx/4.8.3/../../../../pic32mx/lib/libpic32.a(vector8.o)
                0x000000009d03f300                __vector_dispatch_8
                0x0000000000000001                ASSERT (((_vector_spacing == 0x0) || (SIZEOF (.vector_8) <= (_vector_spacing << 0x5))), function at exception vector 8 too large)

.vector_9       0x000000009d03f320        0x8
 *(.vector_9)
 .vector_9      0x000000009d03f320        0x8 /opt/microchip/xc32/v2.40/bin/bin/../../lib/gcc/pic32mx/4.8.3/../../../../pic32mx/lib/libpic32.a(vector9.o)
                0x000000009d03f320                __vector_dispatch_9
                0x0000000000000001                ASSERT (((_vector_spacing == 0x0) || (SIZEOF (.vector_9) <= (_vector_spacing << 0x5))), function at exception vector 9 too large)

.vector_10      0x000000009d03f340        0x8
 *(.vector_10)
 .vector_10     0x000000009d03f340        0x8 /opt/microchip/xc32/v2.40/bin/bin/../../lib/gcc/pic32mx/4.8.3/../../../../pic32mx/lib/libpic32.a(vector10.o)
                0x000000009d03f340                __vector_dispatch_10
                0x0000000000000001                ASSERT (((_vector_spacing == 0x0) || (SIZEOF (.vector_10) <= (_vector_spacing << 0x5))), function at exception vector 10 too large)

.vector_11      0x000000009d03f360        0x8
 *(.vector_11)
 .vector_11     0x000000009d03f360        0x8 /opt/microchip/xc32/v2.40/bin/bin/../../lib/gcc/pic32mx/4.8.3/../../../../pic32mx/lib/libpic32.a(vector11.o)
                0x000000009d03f360                __vector_dispatch_11
                0x0000000000000001                ASSERT (((_vector_spacing == 0x0) || (SIZEOF (.vector_11) <= (_vector_spacing << 0x5))), function at exception vector 11 too large)

.vector_12      0x000000009d03f380        0x8
 *(.vector_12)
 .vector_12     0x000000009d03f380        0x8 build/default/debug/time/time.o
                0x000000009d03f380                __vector_dispatch_12
                0x0000000000000001                ASSERT (((_vector_spacing == 0x0) || (SIZEOF (.vector_12) <= (_vector_spacing << 0x5))), function at exception vector 12 too large)

.vector_13      0x000000009d03f3a0        0x8
 *(.vector_13)
 .vector_13     0x000000009d03f3a0        0x8 /opt/microchip/xc32/v2.40/bin/bin/../../lib/gcc/pic32mx/4.8.3/../../../../pic32mx/lib/libpic32.a(vector13.o)
                0x000000009d03f3a0                __vector_dispatch_13
                0x0000000000000001                ASSERT (((_vector_spacing == 0x0) || (SIZEOF (.vector_13) <= (_vector_spacing << 0x5))), function at exception vector 13 too large)

.vector_14      0x000000009d03f3c0        0x8
 *(.vector_14)
 .vector_14     0x000000009d03f3c0        0x8 /opt/microchip/xc32/v2.40/bin/bin/../../lib/gcc/pic32mx/4.8.3/../../../../pic32mx/lib/libpic32.a(vector14.o)
                0x000000009d03f3c0                __vector_dispatch_14
                0x0000000000000001                ASSERT (((_vector_spacing == 0x0) || (SIZEOF (.vector_14) <= (_vector_spacing << 0x5))), function at exception vector 14 too large)

.vector_15      0x000000009d03f3e0        0x8
 *(.vector_15)
 .vector_15     0x000000009d03f3e0        0x8 /opt/microchip/xc32/v2.40/bin/bin/../../lib/gcc/pic32mx/4.8.3/../../../../pic32mx/lib/libpic32.a(vector15.o)
                0x000000009d03f3e0                __vector_dispatch_15
                0x0000000000000001                ASSERT (((_vector_spacing == 0x0) || (SIZEOF (.vector_15) <= (_vector_spacing << 0x5))), function at exception vector 15 too large)

.vector_16      0x000000009d03f400        0x8
 *(.vector_16)
 .vector_16     0x000000009d03f400        0x8 /opt/microchip/xc32/v2.40/bin/bin/../../lib/gcc/pic32mx/4.8.3/../../../../pic32mx/lib/libpic32.a(vector16.o)
                0x000000009d03f400                __vector_dispatch_16
                0x0000000000000001                ASSERT (((_vector_spacing == 0x0) || (SIZEOF (.vector_16) <= (_vector_spacing << 0x5))), function at exception vector 16 too large)

.vector_17      0x000000009d03f420        0x8
 *(.vector_17)
 .vector_17     0x000000009d03f420        0x8 /opt/microchip/xc32/v2.40/bin/bin/../../lib/gcc/pic32mx/4.8.3/../../../../pic32mx/lib/libpic32.a(vector17.o)
                0x000000009d03f420                __vector_dispatch_17
                0x0000000000000001                ASSERT (((_vector_spacing == 0x0) || (SIZEOF (.vector_17) <= (_vector_spacing << 0x5))), function at exception vector 17 too large)

.vector_18      0x000000009d03f440        0x8
 *(.vector_18)
 .vector_18     0x000000009d03f440        0x8 /opt/microchip/xc32/v2.40/bin/bin/../../lib/gcc/pic32mx/4.8.3/../../../../pic32mx/lib/libpic32.a(vector18.o)
                0x000000009d03f440                __vector_dispatch_18
                0x0000000000000001                ASSERT (((_vector_spacing == 0x0) || (SIZEOF (.vector_18) <= (_vector_spacing << 0x5))), function at exception vector 18 too large)

.vector_19      0x000000009d03f460        0x8
 *(.vector_19)
 .vector_19     0x000000009d03f460        0x8 /opt/microchip/xc32/v2.40/bin/bin/../../lib/gcc/pic32mx/4.8.3/../../../../pic32mx/lib/libpic32.a(vector19.o)
                0x000000009d03f460                __vector_dispatch_19
                0x0000000000000001                ASSERT (((_vector_spacing == 0x0) || (SIZEOF (.vector_19) <= (_vector_spacing << 0x5))), function at exception vector 19 too large)

.vector_20      0x000000009d03f480        0x8
 *(.vector_20)
 .vector_20     0x000000009d03f480        0x8 /opt/microchip/xc32/v2.40/bin/bin/../../lib/gcc/pic32mx/4.8.3/../../../../pic32mx/lib/libpic32.a(vector20.o)
                0x000000009d03f480                __vector_dispatch_20
                0x0000000000000001                ASSERT (((_vector_spacing == 0x0) || (SIZEOF (.vector_20) <= (_vector_spacing << 0x5))), function at exception vector 20 too large)

.vector_21      0x000000009d03f4a0        0x8
 *(.vector_21)
 .vector_21     0x000000009d03f4a0        0x8 /opt/microchip/xc32/v2.40/bin/bin/../../lib/gcc/pic32mx/4.8.3/../../../../pic32mx/lib/libpic32.a(vector21.o)
                0x000000009d03f4a0                __vector_dispatch_21
                0x0000000000000001                ASSERT (((_vector_spacing == 0x0) || (SIZEOF (.vector_21) <= (_vector_spacing << 0x5))), function at exception vector 21 too large)

.vector_22      0x000000009d03f4c0        0x8
 *(.vector_22)
 .vector_22     0x000000009d03f4c0        0x8 /opt/microchip/xc32/v2.40/bin/bin/../../lib/gcc/pic32mx/4.8.3/../../../../pic32mx/lib/libpic32.a(vector22.o)
                0x000000009d03f4c0                __vector_dispatch_22
                0x0000000000000001                ASSERT (((_vector_spacing == 0x0) || (SIZEOF (.vector_22) <= (_vector_spacing << 0x5))), function at exception vector 22 too large)

.vector_23      0x000000009d03f4e0        0x8
 *(.vector_23)
 .vector_23     0x000000009d03f4e0        0x8 /opt/microchip/xc32/v2.40/bin/bin/../../lib/gcc/pic32mx/4.8.3/../../../../pic32mx/lib/libpic32.a(vector23.o)
                0x000000009d03f4e0                __vector_dispatch_23
                0x0000000000000001                ASSERT (((_vector_spacing == 0x0) || (SIZEOF (.vector_23) <= (_vector_spacing << 0x5))), function at exception vector 23 too large)

.vector_24      0x000000009d03f500        0x8
 *(.vector_24)
 .vector_24     0x000000009d03f500        0x8 /opt/microchip/xc32/v2.40/bin/bin/../../lib/gcc/pic32mx/4.8.3/../../../../pic32mx/lib/libpic32.a(vector24.o)
                0x000000009d03f500                __vector_dispatch_24
                0x0000000000000001                ASSERT (((_vector_spacing == 0x0) || (SIZEOF (.vector_24) <= (_vector_spacing << 0x5))), function at exception vector 24 too large)

.vector_25      0x000000009d03f520        0x8
 *(.vector_25)
 .vector_25     0x000000009d03f520        0x8 /opt/microchip/xc32/v2.40/bin/bin/../../lib/gcc/pic32mx/4.8.3/../../../../pic32mx/lib/libpic32.a(vector25.o)
                0x000000009d03f520                __vector_dispatch_25
                0x0000000000000001                ASSERT (((_vector_spacing == 0x0) || (SIZEOF (.vector_25) <= (_vector_spacing << 0x5))), function at exception vector 25 too large)

.vector_26      0x000000009d03f540        0x8
 *(.vector_26)
 .vector_26     0x000000009d03f540        0x8 /opt/microchip/xc32/v2.40/bin/bin/../../lib/gcc/pic32mx/4.8.3/../../../../pic32mx/lib/libpic32.a(vector26.o)
                0x000000009d03f540                __vector_dispatch_26
                0x0000000000000001                ASSERT (((_vector_spacing == 0x0) || (SIZEOF (.vector_26) <= (_vector_spacing << 0x5))), function at exception vector 26 too large)

.vector_27      0x000000009d03f560        0x8
 *(.vector_27)
 .vector_27     0x000000009d03f560        0x8 /opt/microchip/xc32/v2.40/bin/bin/../../lib/gcc/pic32mx/4.8.3/../../../../pic32mx/lib/libpic32.a(vector27.o)
                0x000000009d03f560                __vector_dispatch_27
                0x0000000000000001                ASSERT (((_vector_spacing == 0x0) || (SIZEOF (.vector_27) <= (_vector_spacing << 0x5))), function at exception vector 27 too large)

.vector_28      0x000000009d03f580        0x8
 *(.vector_28)
 .vector_28     0x000000009d03f580        0x8 /opt/microchip/xc32/v2.40/bin/bin/../../lib/gcc/pic32mx/4.8.3/../../../../pic32mx/lib/libpic32.a(vector28.o)
                0x000000009d03f580                __vector_dispatch_28
                0x0000000000000001                ASSERT (((_vector_spacing == 0x0) || (SIZEOF (.vector_28) <= (_vector_spacing << 0x5))), function at exception vector 28 too large)

.vector_29      0x000000009d03f5a0        0x8
 *(.vector_29)
 .vector_29     0x000000009d03f5a0        0x8 /opt/microchip/xc32/v2.40/bin/bin/../../lib/gcc/pic32mx/4.8.3/../../../../pic32mx/lib/libpic32.a(vector29.o)
                0x000000009d03f5a0                __vector_dispatch_29
                0x0000000000000001                ASSERT (((_vector_spacing == 0x0) || (SIZEOF (.vector_29) <= (_vector_spacing << 0x5))), function at exception vector 29 too large)

.vector_30      0x000000009d03f5c0        0x8
 *(.vector_30)
 .vector_30     0x000000009d03f5c0        0x8 build/default/debug/usb/usb_device.o
                0x000000009d03f5c0                __vector_dispatch_30
                0x0000000000000001                ASSERT (((_vector_spacing == 0x0) || (SIZEOF (.vector_30) <= (_vector_spacing << 0x5))), function at exception vector 30 too large)

.vector_31      0x000000009d03f5e0        0x8
 *(.vector_31)
 .vector_31     0x000000009d03f5e0        0x8 /opt/microchip/xc32/v2.40/bin/bin/../../lib/gcc/pic32mx/4.8.3/../../../../pic32mx/lib/libpic32.a(vector31.o)
                0x000000009d03f5e0                __vector_dispatch_31
                0x0000000000000001                ASSERT (((_vector_spacing == 0x0) || (SIZEOF (.vector_31) <= (_vector_spacing << 0x5))), function at exception vector 31 too large)

.vector_32      0x000000009d03f600        0x8
 *(.vector_32)
 .vector_32     0x000000009d03f600        0x8 build/default/debug/uart/uart.o
                0x000000009d03f600                __vector_dispatch_32
                0x0000000000000001                ASSERT (((_vector_spacing == 0x0) || (SIZEOF (.vector_32) <= (_vector_spacing << 0x5))), function at exception vector 32 too large)

.vector_33      0x000000009d03f620        0x8
 *(.vector_33)
 .vector_33     0x000000009d03f620        0x8 /opt/microchip/xc32/v2.40/bin/bin/../../lib/gcc/pic32mx/4.8.3/../../../../pic32mx/lib/libpic32.a(vector33.o)
                0x000000009d03f620                __vector_dispatch_33
                0x0000000000000001                ASSERT (((_vector_spacing == 0x0) || (SIZEOF (.vector_33) <= (_vector_spacing << 0x5))), function at exception vector 33 too large)

.vector_34      0x000000009d03f640        0x8
 *(.vector_34)
 .vector_34     0x000000009d03f640        0x8 /opt/microchip/xc32/v2.40/bin/bin/../../lib/gcc/pic32mx/4.8.3/../../../../pic32mx/lib/libpic32.a(vector34.o)
                0x000000009d03f640                __vector_dispatch_34
                0x0000000000000001                ASSERT (((_vector_spacing == 0x0) || (SIZEOF (.vector_34) <= (_vector_spacing << 0x5))), function at exception vector 34 too large)

.vector_35      0x000000009d03f660        0x8
 *(.vector_35)
 .vector_35     0x000000009d03f660        0x8 /opt/microchip/xc32/v2.40/bin/bin/../../lib/gcc/pic32mx/4.8.3/../../../../pic32mx/lib/libpic32.a(vector35.o)
                0x000000009d03f660                __vector_dispatch_35
                0x0000000000000001                ASSERT (((_vector_spacing == 0x0) || (SIZEOF (.vector_35) <= (_vector_spacing << 0x5))), function at exception vector 35 too large)

.vector_36      0x000000009d03f680        0x8
 *(.vector_36)
 .vector_36     0x000000009d03f680        0x8 /opt/microchip/xc32/v2.40/bin/bin/../../lib/gcc/pic32mx/4.8.3/../../../../pic32mx/lib/libpic32.a(vector36.o)
                0x000000009d03f680                __vector_dispatch_36
                0x0000000000000001                ASSERT (((_vector_spacing == 0x0) || (SIZEOF (.vector_36) <= (_vector_spacing << 0x5))), function at exception vector 36 too large)

.vector_37      0x000000009d03f6a0        0x8
 *(.vector_37)
 .vector_37     0x000000009d03f6a0        0x8 build/default/debug/uart/debug_uart.o
                0x000000009d03f6a0                __vector_dispatch_37
                0x0000000000000001                ASSERT (((_vector_spacing == 0x0) || (SIZEOF (.vector_37) <= (_vector_spacing << 0x5))), function at exception vector 37 too large)

.vector_38      0x000000009d03f6c0        0x8
 *(.vector_38)
 .vector_38     0x000000009d03f6c0        0x8 /opt/microchip/xc32/v2.40/bin/bin/../../lib/gcc/pic32mx/4.8.3/../../../../pic32mx/lib/libpic32.a(vector38.o)
                0x000000009d03f6c0                __vector_dispatch_38
                0x0000000000000001                ASSERT (((_vector_spacing == 0x0) || (SIZEOF (.vector_38) <= (_vector_spacing << 0x5))), function at exception vector 38 too large)

.vector_39      0x000000009d03f6e0        0x8
 *(.vector_39)
 .vector_39     0x000000009d03f6e0        0x8 /opt/microchip/xc32/v2.40/bin/bin/../../lib/gcc/pic32mx/4.8.3/../../../../pic32mx/lib/libpic32.a(vector39.o)
                0x000000009d03f6e0                __vector_dispatch_39
                0x0000000000000001                ASSERT (((_vector_spacing == 0x0) || (SIZEOF (.vector_39) <= (_vector_spacing << 0x5))), function at exception vector 39 too large)

.vector_40      0x000000009d03f700        0x8
 *(.vector_40)
 .vector_40     0x000000009d03f700        0x8 /opt/microchip/xc32/v2.40/bin/bin/../../lib/gcc/pic32mx/4.8.3/../../../../pic32mx/lib/libpic32.a(vector40.o)
                0x000000009d03f700                __vector_dispatch_40
                0x0000000000000001                ASSERT (((_vector_spacing == 0x0) || (SIZEOF (.vector_40) <= (_vector_spacing << 0x5))), function at exception vector 40 too large)

.vector_41      0x000000009d03f720        0x8
 *(.vector_41)
 .vector_41     0x000000009d03f720        0x8 /opt/microchip/xc32/v2.40/bin/bin/../../lib/gcc/pic32mx/4.8.3/../../../../pic32mx/lib/libpic32.a(vector41.o)
                0x000000009d03f720                __vector_dispatch_41
                0x0000000000000001                ASSERT (((_vector_spacing == 0x0) || (SIZEOF (.vector_41) <= (_vector_spacing << 0x5))), function at exception vector 41 too large)

.vector_42      0x000000009d03f740        0x8
 *(.vector_42)
 .vector_42     0x000000009d03f740        0x8 /opt/microchip/xc32/v2.40/bin/bin/../../lib/gcc/pic32mx/4.8.3/../../../../pic32mx/lib/libpic32.a(vector42.o)
                0x000000009d03f740                __vector_dispatch_42
                0x0000000000000001                ASSERT (((_vector_spacing == 0x0) || (SIZEOF (.vector_42) <= (_vector_spacing << 0x5))), function at exception vector 42 too large)

.vector_43      0x000000009d03f760        0x8
 *(.vector_43)
 .vector_43     0x000000009d03f760        0x8 /opt/microchip/xc32/v2.40/bin/bin/../../lib/gcc/pic32mx/4.8.3/../../../../pic32mx/lib/libpic32.a(vector43.o)
                0x000000009d03f760                __vector_dispatch_43
                0x0000000000000001                ASSERT (((_vector_spacing == 0x0) || (SIZEOF (.vector_43) <= (_vector_spacing << 0x5))), function at exception vector 43 too large)

.vector_44      0x000000009d03f780        0x0
 *(.vector_44)
                0x0000000000000001                ASSERT (((_vector_spacing == 0x0) || (SIZEOF (.vector_44) <= (_vector_spacing << 0x5))), function at exception vector 44 too large)

.vector_45      0x000000009d03f7a0        0x0
 *(.vector_45)
                0x0000000000000001                ASSERT (((_vector_spacing == 0x0) || (SIZEOF (.vector_45) <= (_vector_spacing << 0x5))), function at exception vector 45 too large)

.vector_46      0x000000009d03f7c0        0x0
 *(.vector_46)
                0x0000000000000001                ASSERT (((_vector_spacing == 0x0) || (SIZEOF (.vector_46) <= (_vector_spacing << 0x5))), function at exception vector 46 too large)

.vector_47      0x000000009d03f7e0        0x0
 *(.vector_47)
                0x0000000000000001                ASSERT (((_vector_spacing == 0x0) || (SIZEOF (.vector_47) <= (_vector_spacing << 0x5))), function at exception vector 47 too large)

.vector_48      0x000000009d03f800        0x0
 *(.vector_48)
                0x0000000000000001                ASSERT (((_vector_spacing == 0x0) || (SIZEOF (.vector_48) <= (_vector_spacing << 0x5))), function at exception vector 48 too large)

.vector_49      0x000000009d03f820        0x0
 *(.vector_49)
                0x0000000000000001                ASSERT (((_vector_spacing == 0x0) || (SIZEOF (.vector_49) <= (_vector_spacing << 0x5))), function at exception vector 49 too large)

.vector_50      0x000000009d03f840        0x0
 *(.vector_50)
                0x0000000000000001                ASSERT (((_vector_spacing == 0x0) || (SIZEOF (.vector_50) <= (_vector_spacing << 0x5))), function at exception vector 50 too large)

.vector_51      0x000000009d03f860        0x0
 *(.vector_51)
                0x0000000000000001                ASSERT (((_vector_spacing == 0x0) || (SIZEOF (.vector_51) <= (_vector_spacing << 0x5))), function at exception vector 51 too large)

.vector_52      0x000000009d03f880        0x0
 *(.vector_52)
                0x0000000000000001                ASSERT (((_vector_spacing == 0x0) || (SIZEOF (.vector_52) <= (_vector_spacing << 0x5))), function at exception vector 52 too large)

.vector_53      0x000000009d03f8a0        0x0
 *(.vector_53)
                0x0000000000000001                ASSERT (((_vector_spacing == 0x0) || (SIZEOF (.vector_53) <= (_vector_spacing << 0x5))), function at exception vector 53 too large)

.vector_54      0x000000009d03f8c0        0x0
 *(.vector_54)
                0x0000000000000001                ASSERT (((_vector_spacing == 0x0) || (SIZEOF (.vector_54) <= (_vector_spacing << 0x5))), function at exception vector 54 too large)

.vector_55      0x000000009d03f8e0        0x0
 *(.vector_55)
                0x0000000000000001                ASSERT (((_vector_spacing == 0x0) || (SIZEOF (.vector_55) <= (_vector_spacing << 0x5))), function at exception vector 55 too large)

.vector_56      0x000000009d03f900        0x0
 *(.vector_56)
                0x0000000000000001                ASSERT (((_vector_spacing == 0x0) || (SIZEOF (.vector_56) <= (_vector_spacing << 0x5))), function at exception vector 56 too large)

.vector_57      0x000000009d03f920        0x0
 *(.vector_57)
                0x0000000000000001                ASSERT (((_vector_spacing == 0x0) || (SIZEOF (.vector_57) <= (_vector_spacing << 0x5))), function at exception vector 57 too large)

.vector_58      0x000000009d03f940        0x0
 *(.vector_58)
                0x0000000000000001                ASSERT (((_vector_spacing == 0x0) || (SIZEOF (.vector_58) <= (_vector_spacing << 0x5))), function at exception vector 58 too large)

.vector_59      0x000000009d03f960        0x0
 *(.vector_59)
                0x0000000000000001                ASSERT (((_vector_spacing == 0x0) || (SIZEOF (.vector_59) <= (_vector_spacing << 0x5))), function at exception vector 59 too large)

.vector_60      0x000000009d03f980        0x0
 *(.vector_60)
                0x0000000000000001                ASSERT (((_vector_spacing == 0x0) || (SIZEOF (.vector_60) <= (_vector_spacing << 0x5))), function at exception vector 60 too large)

.vector_61      0x000000009d03f9a0        0x0
 *(.vector_61)
                0x0000000000000001                ASSERT (((_vector_spacing == 0x0) || (SIZEOF (.vector_61) <= (_vector_spacing << 0x5))), function at exception vector 61 too large)

.vector_62      0x000000009d03f9c0        0x0
 *(.vector_62)
                0x0000000000000001                ASSERT (((_vector_spacing == 0x0) || (SIZEOF (.vector_62) <= (_vector_spacing << 0x5))), function at exception vector 62 too large)

.vector_63      0x000000009d03f9e0        0x0
 *(.vector_63)
                0x0000000000000001                ASSERT (((_vector_spacing == 0x0) || (SIZEOF (.vector_63) <= (_vector_spacing << 0x5))), function at exception vector 63 too large)

.startup
 *(.startup)

.text           0x000000009d000000        0x0
 *(.stub .gnu.linkonce.t.*)
 *(.text.*personality*)
 *(.mips16.fn.*)
 *(.mips16.call.*)
 *(.gnu.warning)
                0x000000009d000000                . = ALIGN (0x4)

.init           0x000000009d000000        0x0
 *crti.o(.init)
 *crtbegin.o(.init)
 *(EXCLUDE_FILE(*crtn.o *crtend?.o *crtend.o) .init)
 *crtend.o(.init)
 *crtn.o(.init)
                0x000000009d000000                . = ALIGN (0x4)

.fini           0x000000009d000000        0x0
 *(.fini)
                0x000000009d000000                . = ALIGN (0x4)

.preinit_array  0x000000009d000000        0x0
                0x000000009d000000                PROVIDE (__preinit_array_start, .)
 *(.preinit_array)
                0x000000009d000000                PROVIDE (__preinit_array_end, .)
                0x000000009d000000                . = ALIGN (0x4)

.init_array     0x000000009d000000        0x0
                0x000000009d000000                PROVIDE (__init_array_start, .)
 *(SORT(.init_array.*))
 *(.init_array)
                0x000000009d000000                PROVIDE (__init_array_end, .)
                0x000000009d000000                . = ALIGN (0x4)

.fini_array     0x000000009d000000        0x0
                0x000000009d000000                PROVIDE (__fini_array_start, .)
 *(SORT(.fini_array.*))
 *(.fini_array)
                0x000000009d000000                PROVIDE (__fini_array_end, .)
                0x000000009d000000                . = ALIGN (0x4)

.ctors          0x000000009d000000        0x0
 *crtbegin.o(.ctors)
 *crtbegin?.o(.ctors)
 *(EXCLUDE_FILE(*crtend?.o *crtend.o) .ctors)
 *(SORT(.ctors.*))
 *(.ctors)
                0x000000009d000000                . = ALIGN (0x4)

.dtors          0x000000009d000000        0x0
 *crtbegin.o(.dtors)
 *crtbegin?.o(.dtors)
 *(EXCLUDE_FILE(*crtend?.o *crtend.o) .dtors)
 *(SORT(.dtors.*))
 *(.dtors)
                0x000000009d000000                . = ALIGN (0x4)

.rodata         0x000000009d000000        0x0
 *(.gnu.linkonce.r.*)
 *(.rodata1)
                0x000000009d000000                . = ALIGN (0x4)

.sdata2         0x000000009fc00490        0x0
 *(.sdata2 .sdata2.* .gnu.linkonce.s2.*)
                0x000000009fc00490                . = ALIGN (0x4)

.sbss2          0x000000009fc00490        0x0
 *(.sbss2 .sbss2.* .gnu.linkonce.sb2.*)
                0x000000009fc00490                . = ALIGN (0x4)

.eh_frame_hdr
 *(.eh_frame_hdr)
                0x000000009fc00490                . = ALIGN (0x4)

.eh_frame
 *(.eh_frame)
                0x000000009fc00490                . = ALIGN (0x4)

.gcc_except_table
 *(.gcc_except_table .gcc_except_table.*)
                0x000000009fc00490                . = ALIGN (0x4)

.dbg_data       0x00000000a0000000        0x0
                0x00000000a0000000                . = (. + DEFINED (_DEBUGGER)?0x200:0x0)

.jcr            0x00000000a0000000        0x0
 *(.jcr)
                0x00000000a0000000                . = ALIGN (0x4)

.eh_frame
 *(.eh_frame)
                0x00000000a0000000                . = ALIGN (0x4)

.gcc_except_table
 *(.gcc_except_table .gcc_except_table.*)
                0x00000000a0000000                . = ALIGN (0x4)

.persist        0x00000000a0000000        0x8
                0x00000000a0000000                _persist_begin = .
 *(.persist .persist.*)
 *(.pbss .pbss.*)
 .pbss          0x00000000a0000000        0x4 build/default/debug/net/DNS.o
 .pbss          0x00000000a0000004        0x2 build/default/debug/net/TCP.o
 .pbss          0x00000000a0000006        0x2 build/default/debug/net/UDP.o
                0x00000000a0000008                . = ALIGN (0x4)
                0x00000000a0000008                _persist_end = .

.data           0x00000000a0000008        0x0
 *(.gnu.linkonce.d.*)
 *(.data1)
                0x00000000a0000008                . = ALIGN (0x4)
                0x00000000a0000008                . = .
                0x00000000a0008000                _gp = (ALIGN (0x10) + 0x7ff0)

.got            0x00000000a0000008        0x0
 *(.got.plt)
 *(.got)
                0x00000000a0000008                . = ALIGN (0x4)

.sdata          0x00000000a0000008       0x1c
                0x00000000a0000008                _sdata_begin = .
 *(.sdata .sdata.* .gnu.linkonce.s.*)
 .sdata         0x00000000a0000008        0x1 build/default/debug/fatfs/diskio.o
                0x00000000a0000008                USBStatus
 *fill*         0x00000000a0000009        0x3 
 .sdata         0x00000000a000000c        0x8 build/default/debug/net/DNS.o
 .sdata         0x00000000a0000014        0x4 build/default/debug/net/Helpers.o
 .sdata         0x00000000a0000018        0x1 build/default/debug/net/SNTP.o
 .sdata         0x00000000a0000019        0x2 build/default/debug/net/TCP.o
 .sdata         0x00000000a000001b        0x2 build/default/debug/net/UDP.o
 *fill*         0x00000000a000001d        0x3 
 .sdata         0x00000000a0000020        0x4 /opt/microchip/xc32/v2.40/bin/bin/../../lib/gcc/pic32mx/4.8.3/../../../../pic32mx/lib/libpic32.a(xc32_uart.o)
                0x00000000a0000020                __XC_UART
                0x00000000a0000024                . = ALIGN (0x4)
                0x00000000a0000024                _sdata_end = .

.lit8
 *(.lit8)

.lit4
 *(.lit4)
                0x00000000a0000024                . = ALIGN (0x4)
                0x00000000a0000024                _data_end = .
                0x00000000a0000024                _bss_begin = .

.sbss           0x00000000a0000024      0x148
                0x00000000a0000024                _sbss_begin = .
 *(.dynsbss)
 *(.sbss .sbss.* .gnu.linkonce.sb.*)
 .sbss          0x00000000a0000024        0x8 build/default/debug/delay/delay.o
 .sbss          0x00000000a000002c        0xc build/default/debug/fatfs/ff.o
 .sbss          0x00000000a0000038        0x8 build/default/debug/fatfs/SPIFlash.o
 .sbss          0x00000000a0000040        0x4 build/default/debug/net/ARP.o
 .sbss          0x00000000a0000044        0x4 build/default/debug/net/DHCP.o
                0x00000000a0000044                DHCPClientInitializedOnce
 .sbss          0x00000000a0000048       0x14 build/default/debug/net/DNS.o
 .sbss          0x00000000a000005c       0x10 build/default/debug/net/ENC28J60.o
 .sbss          0x00000000a000006c        0x8 build/default/debug/net/GenericTCPServer.o
 .sbss          0x00000000a0000074        0x4 build/default/debug/net/IP.o
 .sbss          0x00000000a0000078        0x8 build/default/debug/net/MPFS2.o
 .sbss          0x00000000a0000080       0x10 build/default/debug/net/SNTP.o
 .sbss          0x00000000a0000090        0xc build/default/debug/net/StackTsk.o
 .sbss          0x00000000a000009c        0xc build/default/debug/net/Tick.o
 .sbss          0x00000000a00000a8        0x8 build/default/debug/net/UDP.o
 .sbss          0x00000000a00000b0        0x8 build/default/debug/time/time.o
 .sbss          0x00000000a00000b8        0x4 build/default/debug/usb/event.o
                0x00000000a00000b8                deviceAttached
 .sbss          0x00000000a00000bc        0x8 build/default/debug/main.o
 *(.scommon)
 .scommon       0x00000000a00000c4        0x0 build/default/debug/config/config.o
 .scommon       0x00000000a00000c4        0x1 build/default/debug/net/ENC28J60.o
                0x00000000a00000c4                tcpneedReset
 .scommon       0x00000000a00000c5        0x1 build/default/debug/net/HTTP2.o
                0x00000000a00000c5                curHTTPID
 .scommon       0x00000000a00000c6        0x6 build/default/debug/net/UDP.o
                0x00000000a00000c6                UDPTxCount
                0x00000000a00000c8                activeUDPSocket
                0x00000000a00000ca                UDPRxCount
 .scommon       0x00000000a00000cc        0x4 build/default/debug/uart/uart.o
                0x00000000a00000cc                UART_RxHead
                0x00000000a00000ce                UART_RxTail
 .scommon       0x00000000a00000d0        0x5 build/default/debug/uart/debug_uart.o
                0x00000000a00000d0                debug_UART_RxHead
                0x00000000a00000d2                debug_UART_RxTail
                0x00000000a00000d4                debug_ascii_line
 *fill*         0x00000000a00000d5        0x3 
 .scommon       0x00000000a00000d8       0x5c build/default/debug/usb/usb_device.o
                0x00000000a00000d8                pDst
                0x00000000a00000dc                USBDeferINDataStagePackets
                0x00000000a00000e0                CtrlTrfData
                0x00000000a00000e8                USBDeferOUTDataStagePackets
                0x00000000a00000ec                USBDeviceState
                0x00000000a00000f0                controlTransferState
                0x00000000a00000f1                endpoint_number
                0x00000000a00000f4                ep_data_out
                0x00000000a00000f8                USBStatusStageEnabledFlag1
                0x00000000a00000fc                USBStatusStageEnabledFlag2
                0x00000000a0000100                BothEP0OutUOWNsSet
                0x00000000a0000104                pBDTEntryEP0OutNext
                0x00000000a0000108                USBBusIsSuspended
                0x00000000a000010c                USBStatusStageTimeoutCounter
                0x00000000a0000110                SetupPkt
                0x00000000a0000118                ep_data_in
                0x00000000a000011b                shortPacketStatus
                0x00000000a000011c                pBDTEntryEP0OutCurrent
                0x00000000a0000120                USBActiveConfiguration
                0x00000000a0000124                RemoteWakeup
                0x00000000a0000128                USTATcopy
                0x00000000a000012c                USBAlternateInterface
                0x00000000a0000130                USBDeferStatusStagePacket
 .scommon       0x00000000a0000134       0x38 build/default/debug/usb/usb_function_cdc.o
                0x00000000a0000134                control_signal_bitmap
                0x00000000a0000138                cdc_tx_len
                0x00000000a000013c                pCDCSrc
                0x00000000a0000140                CDCDataOutHandle
                0x00000000a0000144                cdc_rx_len
                0x00000000a0000148                line_coding
                0x00000000a0000150                BaudRateGen
                0x00000000a0000154                CDCDataInHandle
                0x00000000a0000158                cdc_trf_state
                0x00000000a000015c                pCDCDst
                0x00000000a0000160                cdc_mem_type
                0x00000000a0000164                dummy_encapsulated_cmd_response
                0x00000000a000016c                _sbss_end = .
                0x00000000a000016c                . = ALIGN (0x4)

.bss            0x00000000a0000200     0x15d8
 *(.dynbss)
 *(COMMON)
 COMMON         0x00000000a0000200      0x109 build/default/debug/config/config.o
                0x00000000a0000200                AppConfig
                0x00000000a0000274                config
 *fill*         0x00000000a0000309        0x3 
 COMMON         0x00000000a000030c        0x9 build/default/debug/CustomHTTPApp.o
                0x00000000a000030c                token
 *fill*         0x00000000a0000315        0x3 
 COMMON         0x00000000a0000318       0xb4 build/default/debug/net/HTTP2.o
                0x00000000a0000318                curHTTP
                0x00000000a00003a4                httpStubs
 COMMON         0x00000000a00003cc        0xa build/default/debug/net/StackTsk.o
                0x00000000a00003cc                remoteNode
 *fill*         0x00000000a00003d6        0x2 
 COMMON         0x00000000a00003d8       0x8c build/default/debug/net/UDP.o
                0x00000000a00003d8                UDPSocketInfo
 COMMON         0x00000000a0000464      0x100 build/default/debug/uart/uart.o
                0x00000000a0000464                UART_RxBuf
 COMMON         0x00000000a0000564       0x40 build/default/debug/uart/debug_uart.o
                0x00000000a0000564                debug_UART_RxBuf
 *fill*         0x00000000a00005a4       0x5c 
 COMMON         0x00000000a0000600       0x93 build/default/debug/usb/usb_device.o
                0x00000000a0000600                BDT
                0x00000000a0000660                inPipes
                0x00000000a0000670                pBDTEntryIn
                0x00000000a000067c                pBDTEntryOut
                0x00000000a0000688                outPipes
 *fill*         0x00000000a0000693        0x1 
 COMMON         0x00000000a0000694       0x8a build/default/debug/usb/usb_function_cdc.o
                0x00000000a0000694                cdc_data_tx
                0x00000000a00006d4                cdc_data_rx
                0x00000000a0000714                cdc_notice
 *fill*         0x00000000a000071e        0x2 
 COMMON         0x00000000a0000720     0x10b8 build/default/debug/main.o
                0x00000000a0000720                buffer
                0x00000000a00007a0                FatFS
                0x00000000a00017d8                . = ALIGN ((. != 0x0)?0x4:0x1)
                0x00000000a00017d8                . = ALIGN (0x4)
                0x00000000a00017d8                _end = .
                0x00000000a00017d8                _bss_end = .
                0x0000000000010000                _bmxdudba_address = 0x10000
                0x0000000000010000                _bmxdupba_address = 0x10000

/DISCARD/
 *(.pdr)
 *(.rel.dyn)
 *(.note.GNU-stack)
 *(.note.GNU-stack)
 *(.gnu_debuglink)
 *(.gnu.lto_*)
 *(.discard)

.gptab.sdata
 *(.gptab.data)
 *(.gptab.sdata)

.gptab.sbss
 *(.gptab.bss)
 *(.gptab.sbss)

.mdebug.abi32   0x00000000a00017d8        0x0
 *(.mdebug.abi32)
 .mdebug.abi32  0x00000000a00017d8        0x0 build/default/debug/config/config.o
 .mdebug.abi32  0x00000000a00017d8        0x0 build/default/debug/delay/delay.o
 .mdebug.abi32  0x00000000a00017d8        0x0 build/default/debug/fatfs/ff.o
 .mdebug.abi32  0x00000000a00017d8        0x0 build/default/debug/fatfs/ffsystem.o
 .mdebug.abi32  0x00000000a00017d8        0x0 build/default/debug/fatfs/ffunicode.o
 .mdebug.abi32  0x00000000a00017d8        0x0 build/default/debug/fatfs/SPIFlash.o
 .mdebug.abi32  0x00000000a00017d8        0x0 build/default/debug/fatfs/diskio.o
 .mdebug.abi32  0x00000000a00017d8        0x0 build/default/debug/net/Announce.o
 .mdebug.abi32  0x00000000a00017d8        0x0 build/default/debug/net/ARCFOUR.o
 .mdebug.abi32  0x00000000a00017d8        0x0 build/default/debug/net/ARP.o
 .mdebug.abi32  0x00000000a00017d8        0x0 build/default/debug/net/AutoIP.o
 .mdebug.abi32  0x00000000a00017d8        0x0 build/default/debug/net/BerkeleyAPI.o
 .mdebug.abi32  0x00000000a00017d8        0x0 build/default/debug/net/BigInt.o
 .mdebug.abi32  0x00000000a00017d8        0x0 build/default/debug/CustomHTTPApp.o
 .mdebug.abi32  0x00000000a00017d8        0x0 build/default/debug/net/DHCP.o
 .mdebug.abi32  0x00000000a00017d8        0x0 build/default/debug/net/DNS.o
 .mdebug.abi32  0x00000000a00017d8        0x0 build/default/debug/net/ENC28J60.o
 .mdebug.abi32  0x00000000a00017d8        0x0 build/default/debug/net/FTP.o
 .mdebug.abi32  0x00000000a00017d8        0x0 build/default/debug/net/GenericTCPServer.o
 .mdebug.abi32  0x00000000a00017d8        0x0 build/default/debug/net/Hashes.o
 .mdebug.abi32  0x00000000a00017d8        0x0 build/default/debug/net/Helpers.o
 .mdebug.abi32  0x00000000a00017d8        0x0 build/default/debug/net/HTTP2.o
 .mdebug.abi32  0x00000000a00017d8        0x0 build/default/debug/net/ICMP.o
 .mdebug.abi32  0x00000000a00017d8        0x0 build/default/debug/net/IP.o
 .mdebug.abi32  0x00000000a00017d8        0x0 build/default/debug/net/MPFS2.o
 .mdebug.abi32  0x00000000a00017d8        0x0 build/default/debug/MPFSImg2.o
 .mdebug.abi32  0x00000000a00017d8        0x0 build/default/debug/net/NBNS.o
 .mdebug.abi32  0x00000000a00017d8        0x0 build/default/debug/net/Random.o
 .mdebug.abi32  0x00000000a00017d8        0x0 build/default/debug/net/Reboot.o
 .mdebug.abi32  0x00000000a00017d8        0x0 build/default/debug/net/RSA.o
 .mdebug.abi32  0x00000000a00017d8        0x0 build/default/debug/net/SMTP.o
 .mdebug.abi32  0x00000000a00017d8        0x0 build/default/debug/net/SNTP.o
 .mdebug.abi32  0x00000000a00017d8        0x0 build/default/debug/net/SSL.o
 .mdebug.abi32  0x00000000a00017d8        0x0 build/default/debug/net/StackTsk.o
 .mdebug.abi32  0x00000000a00017d8        0x0 build/default/debug/net/TCP.o
 .mdebug.abi32  0x00000000a00017d8        0x0 build/default/debug/net/Telnet.o
 .mdebug.abi32  0x00000000a00017d8        0x0 build/default/debug/net/Tick.o
 .mdebug.abi32  0x00000000a00017d8        0x0 build/default/debug/net/UDP.o
 .mdebug.abi32  0x00000000a00017d8        0x0 build/default/debug/net/ZeroconfHelper.o
 .mdebug.abi32  0x00000000a00017d8        0x0 build/default/debug/net/ZeroconfLinkLocal.o
 .mdebug.abi32  0x00000000a00017d8        0x0 build/default/debug/net/ZeroconfMulticastDNS.o
 .mdebug.abi32  0x00000000a00017d8        0x0 build/default/debug/nvram/nvram.o
 .mdebug.abi32  0x00000000a00017d8        0x0 build/default/debug/time/time.o
 .mdebug.abi32  0x00000000a00017d8        0x0 build/default/debug/uart/uart.o
 .mdebug.abi32  0x00000000a00017d8        0x0 build/default/debug/uart/debug_uart.o
 .mdebug.abi32  0x00000000a00017d8        0x0 build/default/debug/usb/event.o
 .mdebug.abi32  0x00000000a00017d8        0x0 build/default/debug/usb/usb_descriptors.o
 .mdebug.abi32  0x00000000a00017d8        0x0 build/default/debug/usb/usb_device.o
 .mdebug.abi32  0x00000000a00017d8        0x0 build/default/debug/usb/usb_function_cdc.o
 .mdebug.abi32  0x00000000a00017d8        0x0 build/default/debug/main.o
 .mdebug.abi32  0x00000000a00017d8        0x0 build/default/debug/common.o
 .mdebug.abi32  0x00000000a00017d8        0x0 /opt/microchip/xc32/v2.40/bin/bin/../../lib/gcc/pic32mx/4.8.3/../../../../pic32mx/lib/libmchp_peripheral.a(read_core_timer_lib.o)
 .mdebug.abi32  0x00000000a00017d8        0x0 /opt/microchip/xc32/v2.40/bin/bin/../../lib/gcc/pic32mx/4.8.3/../../../../pic32mx/lib/libmchp_peripheral_32MX270F256B.a(soft_reset_lib.o)
 .mdebug.abi32  0x00000000a00017d8        0x0 /opt/microchip/xc32/v2.40/bin/bin/../../lib/gcc/pic32mx/4.8.3/../../../../pic32mx/lib/libmchp_peripheral_32MX270F256B.a(int_enable_interrupts_lib.o)
 .mdebug.abi32  0x00000000a00017d8        0x0 /opt/microchip/xc32/v2.40/bin/bin/../../lib/gcc/pic32mx/4.8.3/../../../../pic32mx/lib/libmchp_peripheral_32MX270F256B.a(int_disable_interrupts_lib.o)
 .mdebug.abi32  0x00000000a00017d8        0x0 /opt/microchip/xc32/v2.40/bin/bin/../../lib/gcc/pic32mx/4.8.3/../../../../pic32mx/lib/libmchp_peripheral_32MX270F256B.a(int_restore_interrupts_lib.o)
 .mdebug.abi32  0x00000000a00017d8        0x0 /opt/microchip/xc32/v2.40/bin/bin/../../lib/gcc/pic32mx/4.8.3/../../../../pic32mx/lib/libmchp_peripheral_32MX270F256B.a(int_enable_mv_int_lib.o)
 .mdebug.abi32  0x00000000a00017d8        0x0 /opt/microchip/xc32/v2.40/bin/bin/../../lib/gcc/pic32mx/4.8.3/../../../../pic32mx/lib/libmchp_peripheral_32MX270F256B.a(int_tbl_lib.o)
 .mdebug.abi32  0x00000000a00017d8        0x0 /opt/microchip/xc32/v2.40/bin/bin/../../lib/gcc/pic32mx/4.8.3/../../../../pic32mx/lib/libmchp_peripheral_32MX270F256B.a(rtcc_set_time_date_lib.o)
 .mdebug.abi32  0x00000000a00017d8        0x0 /opt/microchip/xc32/v2.40/bin/bin/../../lib/gcc/pic32mx/4.8.3/../../../../pic32mx/lib/libmchp_peripheral_32MX270F256B.a(nvm_erase_page_lib.o)
 .mdebug.abi32  0x00000000a00017d8        0x0 /opt/microchip/xc32/v2.40/bin/bin/../../lib/gcc/pic32mx/4.8.3/../../../../pic32mx/lib/libmchp_peripheral_32MX270F256B.a(nvm_operation_lib.o)
 .mdebug.abi32  0x00000000a00017d8        0x0 /opt/microchip/xc32/v2.40/bin/bin/../../lib/gcc/pic32mx/4.8.3/../../../../pic32mx/lib/libmchp_peripheral_32MX270F256B.a(nvm_write_word_lib.o)
 .mdebug.abi32  0x00000000a00017d8        0x0 /opt/microchip/xc32/v2.40/bin/bin/../../lib/gcc/pic32mx/4.8.3/../../../../pic32mx/lib/libmchp_peripheral_32MX270F256B.a(_rtcc_set_time_and_date_lib.o)
 .mdebug.abi32  0x00000000a00017d8        0x0 /opt/microchip/xc32/v2.40/bin/bin/../../lib/gcc/pic32mx/4.8.3/../../../../pic32mx/lib/libmchp_peripheral_32MX270F256B.a(_rtcc_wait_clock_off_lib.o)
 .mdebug.abi32  0x00000000a00017d8        0x0 /opt/microchip/xc32/v2.40/bin/bin/../../lib/gcc/pic32mx/4.8.3/libgcc.a(_udivdi3.o)
 .mdebug.abi32  0x00000000a00017d8        0x0 /opt/microchip/xc32/v2.40/bin/bin/../../lib/gcc/pic32mx/4.8.3/libgcc.a(floatunsisf.o)
 .mdebug.abi32  0x00000000a00017d8        0x0 /opt/microchip/xc32/v2.40/bin/bin/../../lib/gcc/pic32mx/4.8.3/../../../../pic32mx/lib/libpic32.a(default-bootstrap-exception-handler.o)
 .mdebug.abi32  0x00000000a00017d8        0x0 /opt/microchip/xc32/v2.40/bin/bin/../../lib/gcc/pic32mx/4.8.3/../../../../pic32mx/lib/libpic32.a(default-on-reset.o)
 .mdebug.abi32  0x00000000a00017d8        0x0 /opt/microchip/xc32/v2.40/bin/bin/../../lib/gcc/pic32mx/4.8.3/../../../../pic32mx/lib/libpic32.a(default-on-bootstrap.o)
 .mdebug.abi32  0x00000000a00017d8        0x0 /opt/microchip/xc32/v2.40/bin/bin/../../lib/gcc/pic32mx/4.8.3/../../../../pic32mx/lib/libpic32.a(xc32_uart.o)
 .mdebug.abi32  0x00000000a00017d8        0x0 /opt/microchip/xc32/v2.40/bin/bin/../../lib/gcc/pic32mx/4.8.3/../../../../pic32mx/lib/libpic32.a(defaultinterrupt.o)
 .mdebug.abi32  0x00000000a00017d8        0x0 /opt/microchip/xc32/v2.40/bin/bin/../../lib/gcc/pic32mx/4.8.3/../../../../pic32mx/lib/libc.a(atoi.o)
 .mdebug.abi32  0x00000000a00017d8        0x0 /opt/microchip/xc32/v2.40/bin/bin/../../lib/gcc/pic32mx/4.8.3/../../../../pic32mx/lib/libc.a(atol.o)
 .mdebug.abi32  0x00000000a00017d8        0x0 /opt/microchip/xc32/v2.40/bin/bin/../../lib/gcc/pic32mx/4.8.3/../../../../pic32mx/lib/libc.a(ctime.o)
 .mdebug.abi32  0x00000000a00017d8        0x0 /opt/microchip/xc32/v2.40/bin/bin/../../lib/gcc/pic32mx/4.8.3/../../../../pic32mx/lib/libc.a(ctype.o)
 .mdebug.abi32  0x00000000a00017d8        0x0 /opt/microchip/xc32/v2.40/bin/bin/../../lib/gcc/pic32mx/4.8.3/../../../../pic32mx/lib/libc.a(mktime.o)
 .mdebug.abi32  0x00000000a00017d8        0x0 /opt/microchip/xc32/v2.40/bin/bin/../../lib/gcc/pic32mx/4.8.3/../../../../pic32mx/lib/libc.a(puts.o)
 .mdebug.abi32  0x00000000a00017d8        0x0 /opt/microchip/xc32/v2.40/bin/bin/../../lib/gcc/pic32mx/4.8.3/../../../../pic32mx/lib/libc.a(rand.o)
 .mdebug.abi32  0x00000000a00017d8        0x0 /opt/microchip/xc32/v2.40/bin/bin/../../lib/gcc/pic32mx/4.8.3/../../../../pic32mx/lib/libc.a(strncpy.o)
 .mdebug.abi32  0x00000000a00017d8        0x0 /opt/microchip/xc32/v2.40/bin/bin/../../lib/gcc/pic32mx/4.8.3/../../../../pic32mx/lib/libc.a(printf_cdfFnopuxX.eo)
 .mdebug.abi32  0x00000000a00017d8        0x0 /opt/microchip/xc32/v2.40/bin/bin/../../lib/gcc/pic32mx/4.8.3/../../../../pic32mx/lib/libc.a(snprintf_cdnopuxX.eo)
 .mdebug.abi32  0x00000000a00017d8        0x0 /opt/microchip/xc32/v2.40/bin/bin/../../lib/gcc/pic32mx/4.8.3/../../../../pic32mx/lib/libc.a(sprintf_cdnopsuxX.eo)
 .mdebug.abi32  0x00000000a00017d8        0x0 /opt/microchip/xc32/v2.40/bin/bin/../../lib/gcc/pic32mx/4.8.3/../../../../pic32mx/lib/libc.a(sscanf_cdnopuxX.eo)
 .mdebug.abi32  0x00000000a00017d8        0x0 /opt/microchip/xc32/v2.40/bin/bin/../../lib/gcc/pic32mx/4.8.3/../../../../pic32mx/lib/libc.a(vsnprintf_cdnopuxX.eo)
 .mdebug.abi32  0x00000000a00017d8        0x0 /opt/microchip/xc32/v2.40/bin/bin/../../lib/gcc/pic32mx/4.8.3/../../../../pic32mx/lib/libc.a(_iob.o)
 .mdebug.abi32  0x00000000a00017d8        0x0 /opt/microchip/xc32/v2.40/bin/bin/../../lib/gcc/pic32mx/4.8.3/../../../../pic32mx/lib/libc.a(_fputc_simple.o)
 .mdebug.abi32  0x00000000a00017d8        0x0 /opt/microchip/xc32/v2.40/bin/bin/../../lib/gcc/pic32mx/4.8.3/../../../../pic32mx/lib/libc.a(doscan_cdnopuxX.eo)
 .mdebug.abi32  0x00000000a00017d8        0x0 /opt/microchip/xc32/v2.40/bin/bin/../../lib/gcc/pic32mx/4.8.3/../../../../pic32mx/lib/libc.a(_flsbuf_simple.o)
 .mdebug.abi32  0x00000000a00017d8        0x0 /opt/microchip/xc32/v2.40/bin/bin/../../lib/gcc/pic32mx/4.8.3/../../../../pic32mx/lib/libc.a(fgetc.o)
 .mdebug.abi32  0x00000000a00017d8        0x0 /opt/microchip/xc32/v2.40/bin/bin/../../lib/gcc/pic32mx/4.8.3/../../../../pic32mx/lib/libc.a(ctypef.o)
 .mdebug.abi32  0x00000000a00017d8        0x0 /opt/microchip/xc32/v2.40/bin/bin/../../lib/gcc/pic32mx/4.8.3/../../../../pic32mx/lib/libc.a(ldpowers.o)
 .mdebug.abi32  0x00000000a00017d8        0x0 /opt/microchip/xc32/v2.40/bin/bin/../../lib/gcc/pic32mx/4.8.3/../../../../pic32mx/lib/libc.a(ungetc.o)
 .mdebug.abi32  0x00000000a00017d8        0x0 /opt/microchip/xc32/v2.40/bin/bin/../../lib/gcc/pic32mx/4.8.3/../../../../pic32mx/lib/libc.a(filbuf.o)
 .mdebug.abi32  0x00000000a00017d8        0x0 /opt/microchip/xc32/v2.40/bin/bin/../../lib/gcc/pic32mx/4.8.3/../../../../pic32mx/lib/libc.a(fflush.o)
 .mdebug.abi32  0x00000000a00017d8        0x0 /opt/microchip/xc32/v2.40/bin/bin/../../lib/gcc/pic32mx/4.8.3/../../../../pic32mx/lib/libc.a(doprnt_cdfFnopsuxX.eo)
 .mdebug.abi32  0x00000000a00017d8        0x0 /opt/microchip/xc32/v2.40/bin/bin/../../lib/gcc/pic32mx/4.8.3/../../../../pic32mx/lib/libe.a(_fixunsdfdi.o)
 .mdebug.abi32  0x00000000a00017d8        0x0 /opt/microchip/xc32/v2.40/bin/bin/../../lib/gcc/pic32mx/4.8.3/../../../../pic32mx/lib/libe.a(_orderdf2.o)
 .mdebug.abi32  0x00000000a00017d8        0x0 /opt/microchip/xc32/v2.40/bin/bin/../../lib/gcc/pic32mx/4.8.3/../../../../pic32mx/lib/libe.a(_fixdfdi.o)
 .mdebug.abi32  0x00000000a00017d8        0x0 /opt/microchip/xc32/v2.40/bin/bin/../../lib/gcc/pic32mx/4.8.3/libgcc.a(_floatundidf.o)
 .mdebug.abi32  0x00000000a00017d8        0x0 /opt/microchip/xc32/v2.40/bin/bin/../../lib/gcc/pic32mx/4.8.3/libgcc.a(_umoddi3.o)
 .mdebug.abi32  0x00000000a00017d8        0x0 /opt/microchip/xc32/v2.40/bin/bin/../../lib/gcc/pic32mx/4.8.3/libgcc.a(floatunsidf.o)
 .mdebug.abi32  0x00000000a00017d8        0x0 /opt/microchip/xc32/v2.40/bin/bin/../../lib/gcc/pic32mx/4.8.3/../../../../pic32mx/lib/libpic32.a(read.o)
 .mdebug.abi32  0x00000000a00017d8        0x0 /opt/microchip/xc32/v2.40/bin/bin/../../lib/gcc/pic32mx/4.8.3/../../../../pic32mx/lib/libpic32.a(write.o)
 .mdebug.abi32  0x00000000a00017d8        0x0 /opt/microchip/xc32/v2.40/bin/bin/../../lib/gcc/pic32mx/4.8.3/../../../../pic32mx/lib/libpic32.a(_mon_putc.o)

.mdebug.abiN32
 *(.mdebug.abiN32)

.mdebug.abi64
 *(.mdebug.abi64)

.mdebug.abiO64
 *(.mdebug.abiO64)

.mdebug.eabi32
 *(.mdebug.eabi32)

.mdebug.eabi64
 *(.mdebug.eabi64)

.gcc_compiled_long32
 *(.gcc_compiled_long32)

.gcc_compiled_long64
 *(.gcc_compiled_long64)

.stab
 *(.stab)

.stabstr
 *(.stabstr)

.stab.excl
 *(.stab.excl)

.stab.exclstr
 *(.stab.exclstr)

.stab.index
 *(.stab.index)

.stab.indexstr
 *(.stab.indexstr)

.comment        0x0000000000000000      0x2b6
 *(.comment)
 .comment       0x0000000000000000       0x3c build/default/debug/config/config.o
                                         0x3d (size before relaxing)
 .comment       0x0000000000000000       0x3d build/default/debug/delay/delay.o
 .comment       0x0000000000000000       0x3d build/default/debug/fatfs/ff.o
 .comment       0x0000000000000000       0x3d build/default/debug/fatfs/ffsystem.o
 .comment       0x0000000000000000       0x3d build/default/debug/fatfs/ffunicode.o
 .comment       0x0000000000000000       0x3d build/default/debug/fatfs/SPIFlash.o
 .comment       0x0000000000000000       0x3d build/default/debug/fatfs/diskio.o
 .comment       0x0000000000000000       0x3d build/default/debug/net/Announce.o
 .comment       0x0000000000000000       0x3d build/default/debug/net/ARCFOUR.o
 .comment       0x0000000000000000       0x3d build/default/debug/net/ARP.o
 .comment       0x0000000000000000       0x3d build/default/debug/net/AutoIP.o
 .comment       0x0000000000000000       0x3d build/default/debug/net/BerkeleyAPI.o
 .comment       0x0000000000000000       0x3d build/default/debug/net/BigInt.o
 .comment       0x0000000000000000       0x3d build/default/debug/CustomHTTPApp.o
 .comment       0x0000000000000000       0x3d build/default/debug/net/DHCP.o
 .comment       0x0000000000000000       0x3d build/default/debug/net/DNS.o
 .comment       0x0000000000000000       0x3d build/default/debug/net/ENC28J60.o
 .comment       0x0000000000000000       0x3d build/default/debug/net/FTP.o
 .comment       0x0000000000000000       0x3d build/default/debug/net/GenericTCPServer.o
 .comment       0x0000000000000000       0x3d build/default/debug/net/Hashes.o
 .comment       0x0000000000000000       0x3d build/default/debug/net/Helpers.o
 .comment       0x0000000000000000       0x3d build/default/debug/net/HTTP2.o
 .comment       0x0000000000000000       0x3d build/default/debug/net/ICMP.o
 .comment       0x0000000000000000       0x3d build/default/debug/net/IP.o
 .comment       0x0000000000000000       0x3d build/default/debug/net/MPFS2.o
 .comment       0x0000000000000000       0x3d build/default/debug/MPFSImg2.o
 .comment       0x0000000000000000       0x3d build/default/debug/net/NBNS.o
 .comment       0x0000000000000000       0x3d build/default/debug/net/Random.o
 .comment       0x0000000000000000       0x3d build/default/debug/net/Reboot.o
 .comment       0x0000000000000000       0x3d build/default/debug/net/RSA.o
 .comment       0x0000000000000000       0x3d build/default/debug/net/SMTP.o
 .comment       0x0000000000000000       0x3d build/default/debug/net/SNTP.o
 .comment       0x0000000000000000       0x3d build/default/debug/net/SSL.o
 .comment       0x0000000000000000       0x3d build/default/debug/net/StackTsk.o
 .comment       0x0000000000000000       0x3d build/default/debug/net/TCP.o
 .comment       0x0000000000000000       0x3d build/default/debug/net/Telnet.o
 .comment       0x0000000000000000       0x3d build/default/debug/net/Tick.o
 .comment       0x0000000000000000       0x3d build/default/debug/net/UDP.o
 .comment       0x0000000000000000       0x3d build/default/debug/net/ZeroconfHelper.o
 .comment       0x0000000000000000       0x3d build/default/debug/net/ZeroconfLinkLocal.o
 .comment       0x0000000000000000       0x3d build/default/debug/net/ZeroconfMulticastDNS.o
 .comment       0x0000000000000000       0x3d build/default/debug/nvram/nvram.o
 .comment       0x0000000000000000       0x3d build/default/debug/time/time.o
 .comment       0x0000000000000000       0x3d build/default/debug/uart/uart.o
 .comment       0x0000000000000000       0x3d build/default/debug/uart/debug_uart.o
 .comment       0x0000000000000000       0x3d build/default/debug/usb/event.o
 .comment       0x0000000000000000       0x3d build/default/debug/usb/usb_descriptors.o
 .comment       0x0000000000000000       0x3d build/default/debug/usb/usb_device.o
 .comment       0x0000000000000000       0x3d build/default/debug/usb/usb_function_cdc.o
 .comment       0x0000000000000000       0x3d build/default/debug/main.o
 .comment       0x0000000000000000       0x3d build/default/debug/common.o
 .comment       0x000000000000003c       0x3c /opt/microchip/xc32/v2.40/bin/bin/../../lib/gcc/pic32mx/4.8.3/../../../../pic32mx/lib/libmchp_peripheral.a(read_core_timer_lib.o)
                                         0x3d (size before relaxing)
 .comment       0x0000000000000000       0x3d /opt/microchip/xc32/v2.40/bin/bin/../../lib/gcc/pic32mx/4.8.3/../../../../pic32mx/lib/libmchp_peripheral_32MX270F256B.a(soft_reset_lib.o)
 .comment       0x0000000000000000       0x3d /opt/microchip/xc32/v2.40/bin/bin/../../lib/gcc/pic32mx/4.8.3/../../../../pic32mx/lib/libmchp_peripheral_32MX270F256B.a(int_enable_interrupts_lib.o)
 .comment       0x0000000000000000       0x3d /opt/microchip/xc32/v2.40/bin/bin/../../lib/gcc/pic32mx/4.8.3/../../../../pic32mx/lib/libmchp_peripheral_32MX270F256B.a(int_disable_interrupts_lib.o)
 .comment       0x0000000000000000       0x3d /opt/microchip/xc32/v2.40/bin/bin/../../lib/gcc/pic32mx/4.8.3/../../../../pic32mx/lib/libmchp_peripheral_32MX270F256B.a(int_restore_interrupts_lib.o)
 .comment       0x0000000000000000       0x3d /opt/microchip/xc32/v2.40/bin/bin/../../lib/gcc/pic32mx/4.8.3/../../../../pic32mx/lib/libmchp_peripheral_32MX270F256B.a(int_enable_mv_int_lib.o)
 .comment       0x0000000000000000       0x3d /opt/microchip/xc32/v2.40/bin/bin/../../lib/gcc/pic32mx/4.8.3/../../../../pic32mx/lib/libmchp_peripheral_32MX270F256B.a(int_tbl_lib.o)
 .comment       0x0000000000000000       0x3d /opt/microchip/xc32/v2.40/bin/bin/../../lib/gcc/pic32mx/4.8.3/../../../../pic32mx/lib/libmchp_peripheral_32MX270F256B.a(rtcc_set_time_date_lib.o)
 .comment       0x0000000000000000       0x3d /opt/microchip/xc32/v2.40/bin/bin/../../lib/gcc/pic32mx/4.8.3/../../../../pic32mx/lib/libmchp_peripheral_32MX270F256B.a(nvm_erase_page_lib.o)
 .comment       0x0000000000000000       0x3d /opt/microchip/xc32/v2.40/bin/bin/../../lib/gcc/pic32mx/4.8.3/../../../../pic32mx/lib/libmchp_peripheral_32MX270F256B.a(nvm_operation_lib.o)
 .comment       0x0000000000000000       0x3d /opt/microchip/xc32/v2.40/bin/bin/../../lib/gcc/pic32mx/4.8.3/../../../../pic32mx/lib/libmchp_peripheral_32MX270F256B.a(nvm_write_word_lib.o)
 .comment       0x0000000000000000       0x3d /opt/microchip/xc32/v2.40/bin/bin/../../lib/gcc/pic32mx/4.8.3/../../../../pic32mx/lib/libmchp_peripheral_32MX270F256B.a(_rtcc_set_time_and_date_lib.o)
 .comment       0x0000000000000000       0x3d /opt/microchip/xc32/v2.40/bin/bin/../../lib/gcc/pic32mx/4.8.3/../../../../pic32mx/lib/libmchp_peripheral_32MX270F256B.a(_rtcc_wait_clock_off_lib.o)
 .comment       0x0000000000000000       0x3d /opt/microchip/xc32/v2.40/bin/bin/../../lib/gcc/pic32mx/4.8.3/libgcc.a(_udivdi3.o)
 .comment       0x0000000000000000       0x3d /opt/microchip/xc32/v2.40/bin/bin/../../lib/gcc/pic32mx/4.8.3/libgcc.a(floatunsisf.o)
 .comment       0x0000000000000078       0x18 /opt/microchip/xc32/v2.40/bin/bin/../../lib/gcc/pic32mx/4.8.3/../../../../pic32mx/lib/libpic32.a(memcmp.o)
                                         0x19 (size before relaxing)
 .comment       0x0000000000000090       0x18 /opt/microchip/xc32/v2.40/bin/bin/../../lib/gcc/pic32mx/4.8.3/../../../../pic32mx/lib/libpic32.a(memset.o)
                                         0x19 (size before relaxing)
 .comment       0x00000000000000a8       0x19 /opt/microchip/xc32/v2.40/bin/bin/../../lib/gcc/pic32mx/4.8.3/../../../../pic32mx/lib/libpic32.a(strcmp.o)
                                         0x1a (size before relaxing)
 .comment       0x00000000000000c1       0x19 /opt/microchip/xc32/v2.40/bin/bin/../../lib/gcc/pic32mx/4.8.3/../../../../pic32mx/lib/libpic32.a(strlen.o)
                                         0x1a (size before relaxing)
 .comment       0x0000000000000000       0x3d /opt/microchip/xc32/v2.40/bin/bin/../../lib/gcc/pic32mx/4.8.3/../../../../pic32mx/lib/libpic32.a(default-bootstrap-exception-handler.o)
 .comment       0x0000000000000000       0x3d /opt/microchip/xc32/v2.40/bin/bin/../../lib/gcc/pic32mx/4.8.3/../../../../pic32mx/lib/libpic32.a(default-on-reset.o)
 .comment       0x0000000000000000       0x3d /opt/microchip/xc32/v2.40/bin/bin/../../lib/gcc/pic32mx/4.8.3/../../../../pic32mx/lib/libpic32.a(default-on-bootstrap.o)
 .comment       0x0000000000000000       0x3d /opt/microchip/xc32/v2.40/bin/bin/../../lib/gcc/pic32mx/4.8.3/../../../../pic32mx/lib/libpic32.a(xc32_uart.o)
 .comment       0x0000000000000000       0x3d /opt/microchip/xc32/v2.40/bin/bin/../../lib/gcc/pic32mx/4.8.3/../../../../pic32mx/lib/libpic32.a(defaultinterrupt.o)
 .comment       0x0000000000000000       0x3d /opt/microchip/xc32/v2.40/bin/bin/../../lib/gcc/pic32mx/4.8.3/../../../../pic32mx/lib/libc.a(atoi.o)
 .comment       0x0000000000000000       0x3d /opt/microchip/xc32/v2.40/bin/bin/../../lib/gcc/pic32mx/4.8.3/../../../../pic32mx/lib/libc.a(atol.o)
 .comment       0x0000000000000000       0x3d /opt/microchip/xc32/v2.40/bin/bin/../../lib/gcc/pic32mx/4.8.3/../../../../pic32mx/lib/libc.a(ctime.o)
 .comment       0x00000000000000da       0x4e /opt/microchip/xc32/v2.40/bin/bin/../../lib/gcc/pic32mx/4.8.3/../../../../pic32mx/lib/libc.a(ctype.o)
                                         0x8b (size before relaxing)
 .comment       0x0000000000000000       0x3d /opt/microchip/xc32/v2.40/bin/bin/../../lib/gcc/pic32mx/4.8.3/../../../../pic32mx/lib/libc.a(mktime.o)
 .comment       0x0000000000000000       0x3d /opt/microchip/xc32/v2.40/bin/bin/../../lib/gcc/pic32mx/4.8.3/../../../../pic32mx/lib/libc.a(puts.o)
 .comment       0x0000000000000000       0x3d /opt/microchip/xc32/v2.40/bin/bin/../../lib/gcc/pic32mx/4.8.3/../../../../pic32mx/lib/libc.a(rand.o)
 .comment       0x0000000000000000       0x3d /opt/microchip/xc32/v2.40/bin/bin/../../lib/gcc/pic32mx/4.8.3/../../../../pic32mx/lib/libc.a(strncpy.o)
 .comment       0x0000000000000000       0x3d /opt/microchip/xc32/v2.40/bin/bin/../../lib/gcc/pic32mx/4.8.3/../../../../pic32mx/lib/libc.a(printf_cdfFnopuxX.eo)
 .comment       0x0000000000000000       0x3d /opt/microchip/xc32/v2.40/bin/bin/../../lib/gcc/pic32mx/4.8.3/../../../../pic32mx/lib/libc.a(snprintf_cdnopuxX.eo)
 .comment       0x0000000000000000       0x3d /opt/microchip/xc32/v2.40/bin/bin/../../lib/gcc/pic32mx/4.8.3/../../../../pic32mx/lib/libc.a(sprintf_cdnopsuxX.eo)
 .comment       0x0000000000000000       0x3d /opt/microchip/xc32/v2.40/bin/bin/../../lib/gcc/pic32mx/4.8.3/../../../../pic32mx/lib/libc.a(sscanf_cdnopuxX.eo)
 .comment       0x0000000000000000       0x3d /opt/microchip/xc32/v2.40/bin/bin/../../lib/gcc/pic32mx/4.8.3/../../../../pic32mx/lib/libc.a(vsnprintf_cdnopuxX.eo)
 .comment       0x0000000000000000       0x3d /opt/microchip/xc32/v2.40/bin/bin/../../lib/gcc/pic32mx/4.8.3/../../../../pic32mx/lib/libc.a(_iob.o)
 .comment       0x0000000000000000       0x3d /opt/microchip/xc32/v2.40/bin/bin/../../lib/gcc/pic32mx/4.8.3/../../../../pic32mx/lib/libc.a(_fputc_simple.o)
 .comment       0x0000000000000000       0x3d /opt/microchip/xc32/v2.40/bin/bin/../../lib/gcc/pic32mx/4.8.3/../../../../pic32mx/lib/libc.a(doscan_cdnopuxX.eo)
 .comment       0x0000000000000000       0x3d /opt/microchip/xc32/v2.40/bin/bin/../../lib/gcc/pic32mx/4.8.3/../../../../pic32mx/lib/libc.a(_flsbuf_simple.o)
 .comment       0x0000000000000000       0x3d /opt/microchip/xc32/v2.40/bin/bin/../../lib/gcc/pic32mx/4.8.3/../../../../pic32mx/lib/libc.a(fgetc.o)
 .comment       0x0000000000000128       0x4f /opt/microchip/xc32/v2.40/bin/bin/../../lib/gcc/pic32mx/4.8.3/../../../../pic32mx/lib/libc.a(ctypef.o)
                                         0x8c (size before relaxing)
 .comment       0x0000000000000000       0x3d /opt/microchip/xc32/v2.40/bin/bin/../../lib/gcc/pic32mx/4.8.3/../../../../pic32mx/lib/libc.a(ldpowers.o)
 .comment       0x0000000000000000       0x3d /opt/microchip/xc32/v2.40/bin/bin/../../lib/gcc/pic32mx/4.8.3/../../../../pic32mx/lib/libc.a(ungetc.o)
 .comment       0x0000000000000000       0x3d /opt/microchip/xc32/v2.40/bin/bin/../../lib/gcc/pic32mx/4.8.3/../../../../pic32mx/lib/libc.a(filbuf.o)
 .comment       0x0000000000000000       0x3d /opt/microchip/xc32/v2.40/bin/bin/../../lib/gcc/pic32mx/4.8.3/../../../../pic32mx/lib/libc.a(fflush.o)
 .comment       0x0000000000000000       0x3d /opt/microchip/xc32/v2.40/bin/bin/../../lib/gcc/pic32mx/4.8.3/../../../../pic32mx/lib/libc.a(doprnt_cdfFnopsuxX.eo)
 .comment       0x0000000000000177       0x9f /opt/microchip/xc32/v2.40/bin/bin/../../lib/gcc/pic32mx/4.8.3/../../../../pic32mx/lib/libe.a(_fixunsdfdi.o)
                                         0xdc (size before relaxing)
 .comment       0x0000000000000216       0x50 /opt/microchip/xc32/v2.40/bin/bin/../../lib/gcc/pic32mx/4.8.3/../../../../pic32mx/lib/libe.a(_orderdf2.o)
                                         0xdb (size before relaxing)
 .comment       0x0000000000000266       0x50 /opt/microchip/xc32/v2.40/bin/bin/../../lib/gcc/pic32mx/4.8.3/../../../../pic32mx/lib/libe.a(_fixdfdi.o)
                                         0xdb (size before relaxing)
 .comment       0x0000000000000000       0x3d /opt/microchip/xc32/v2.40/bin/bin/../../lib/gcc/pic32mx/4.8.3/libgcc.a(_floatundidf.o)
 .comment       0x0000000000000000       0x3d /opt/microchip/xc32/v2.40/bin/bin/../../lib/gcc/pic32mx/4.8.3/libgcc.a(_umoddi3.o)
 .comment       0x0000000000000000       0x3d /opt/microchip/xc32/v2.40/bin/bin/../../lib/gcc/pic32mx/4.8.3/libgcc.a(floatunsidf.o)
 .comment       0x0000000000000000       0x3d /opt/microchip/xc32/v2.40/bin/bin/../../lib/gcc/pic32mx/4.8.3/../../../../pic32mx/lib/libpic32.a(read.o)
 .comment       0x0000000000000000       0x3d /opt/microchip/xc32/v2.40/bin/bin/../../lib/gcc/pic32mx/4.8.3/../../../../pic32mx/lib/libpic32.a(write.o)
 .comment       0x0000000000000000       0x3d /opt/microchip/xc32/v2.40/bin/bin/../../lib/gcc/pic32mx/4.8.3/../../../../pic32mx/lib/libpic32.a(_mon_putc.o)

.debug
 *(.debug)

.line
 *(.line)

.debug_srcinfo
 *(.debug_srcinfo)

.debug_sfnames
 *(.debug_sfnames)

.debug_aranges  0x0000000000000000      0xd30
 *(.debug_aranges)
 .debug_aranges
                0x0000000000000000       0x20 build/default/debug/config/config.o
 .debug_aranges
                0x0000000000000020       0x20 build/default/debug/delay/delay.o
 .debug_aranges
                0x0000000000000040       0x20 build/default/debug/fatfs/ff.o
 .debug_aranges
                0x0000000000000060       0x18 build/default/debug/fatfs/ffsystem.o
 .debug_aranges
                0x0000000000000078       0x20 build/default/debug/fatfs/ffunicode.o
 .debug_aranges
                0x0000000000000098       0x20 build/default/debug/fatfs/SPIFlash.o
 .debug_aranges
                0x00000000000000b8       0x20 build/default/debug/fatfs/diskio.o
 .debug_aranges
                0x00000000000000d8       0x18 build/default/debug/net/Announce.o
 .debug_aranges
                0x00000000000000f0       0x18 build/default/debug/net/ARCFOUR.o
 .debug_aranges
                0x0000000000000108       0x20 build/default/debug/net/ARP.o
 .debug_aranges
                0x0000000000000128       0x18 build/default/debug/net/AutoIP.o
 .debug_aranges
                0x0000000000000140       0x18 build/default/debug/net/BerkeleyAPI.o
 .debug_aranges
                0x0000000000000158       0x18 build/default/debug/net/BigInt.o
 .debug_aranges
                0x0000000000000170       0x20 build/default/debug/CustomHTTPApp.o
 .debug_aranges
                0x0000000000000190       0x20 build/default/debug/net/DHCP.o
 .debug_aranges
                0x00000000000001b0       0x20 build/default/debug/net/DNS.o
 .debug_aranges
                0x00000000000001d0       0x20 build/default/debug/net/ENC28J60.o
 .debug_aranges
                0x00000000000001f0       0x18 build/default/debug/net/FTP.o
 .debug_aranges
                0x0000000000000208       0x20 build/default/debug/net/GenericTCPServer.o
 .debug_aranges
                0x0000000000000228       0x18 build/default/debug/net/Hashes.o
 .debug_aranges
                0x0000000000000240       0x20 build/default/debug/net/Helpers.o
 .debug_aranges
                0x0000000000000260       0x20 build/default/debug/net/HTTP2.o
 .debug_aranges
                0x0000000000000280       0x20 build/default/debug/net/ICMP.o
 .debug_aranges
                0x00000000000002a0       0x20 build/default/debug/net/IP.o
 .debug_aranges
                0x00000000000002c0       0x20 build/default/debug/net/MPFS2.o
 .debug_aranges
                0x00000000000002e0       0x18 build/default/debug/MPFSImg2.o
 .debug_aranges
                0x00000000000002f8       0x18 build/default/debug/net/NBNS.o
 .debug_aranges
                0x0000000000000310       0x18 build/default/debug/net/Random.o
 .debug_aranges
                0x0000000000000328       0x18 build/default/debug/net/Reboot.o
 .debug_aranges
                0x0000000000000340       0x18 build/default/debug/net/RSA.o
 .debug_aranges
                0x0000000000000358       0x18 build/default/debug/net/SMTP.o
 .debug_aranges
                0x0000000000000370       0x20 build/default/debug/net/SNTP.o
 .debug_aranges
                0x0000000000000390       0x18 build/default/debug/net/SSL.o
 .debug_aranges
                0x00000000000003a8       0x20 build/default/debug/net/StackTsk.o
 .debug_aranges
                0x00000000000003c8       0x20 build/default/debug/net/TCP.o
 .debug_aranges
                0x00000000000003e8       0x18 build/default/debug/net/Telnet.o
 .debug_aranges
                0x0000000000000400       0x20 build/default/debug/net/Tick.o
 .debug_aranges
                0x0000000000000420       0x20 build/default/debug/net/UDP.o
 .debug_aranges
                0x0000000000000440       0x18 build/default/debug/net/ZeroconfHelper.o
 .debug_aranges
                0x0000000000000458       0x18 build/default/debug/net/ZeroconfLinkLocal.o
 .debug_aranges
                0x0000000000000470       0x18 build/default/debug/net/ZeroconfMulticastDNS.o
 .debug_aranges
                0x0000000000000488       0x20 build/default/debug/nvram/nvram.o
 .debug_aranges
                0x00000000000004a8       0x20 build/default/debug/time/time.o
 .debug_aranges
                0x00000000000004c8       0x20 build/default/debug/uart/uart.o
 .debug_aranges
                0x00000000000004e8       0x20 build/default/debug/uart/debug_uart.o
 .debug_aranges
                0x0000000000000508       0x20 build/default/debug/usb/event.o
 .debug_aranges
                0x0000000000000528       0x18 build/default/debug/usb/usb_descriptors.o
 .debug_aranges
                0x0000000000000540       0x20 build/default/debug/usb/usb_device.o
 .debug_aranges
                0x0000000000000560       0x20 build/default/debug/usb/usb_function_cdc.o
 .debug_aranges
                0x0000000000000580       0x20 build/default/debug/main.o
 .debug_aranges
                0x00000000000005a0       0x20 build/default/debug/common.o
 .debug_aranges
                0x00000000000005c0       0x40 /tmp/cc1HBx2X.o
 .debug_aranges
                0x0000000000000600       0x20 /opt/microchip/xc32/v2.40/bin/bin/../../lib/gcc/pic32mx/4.8.3/../../../../pic32mx/lib/libmchp_peripheral.a(read_core_timer_lib.o)
 .debug_aranges
                0x0000000000000620       0x20 /opt/microchip/xc32/v2.40/bin/bin/../../lib/gcc/pic32mx/4.8.3/../../../../pic32mx/lib/libmchp_peripheral_32MX270F256B.a(soft_reset_lib.o)
 .debug_aranges
                0x0000000000000640       0x20 /opt/microchip/xc32/v2.40/bin/bin/../../lib/gcc/pic32mx/4.8.3/../../../../pic32mx/lib/libmchp_peripheral_32MX270F256B.a(int_enable_interrupts_lib.o)
 .debug_aranges
                0x0000000000000660       0x20 /opt/microchip/xc32/v2.40/bin/bin/../../lib/gcc/pic32mx/4.8.3/../../../../pic32mx/lib/libmchp_peripheral_32MX270F256B.a(int_disable_interrupts_lib.o)
 .debug_aranges
                0x0000000000000680       0x20 /opt/microchip/xc32/v2.40/bin/bin/../../lib/gcc/pic32mx/4.8.3/../../../../pic32mx/lib/libmchp_peripheral_32MX270F256B.a(int_restore_interrupts_lib.o)
 .debug_aranges
                0x00000000000006a0       0x20 /opt/microchip/xc32/v2.40/bin/bin/../../lib/gcc/pic32mx/4.8.3/../../../../pic32mx/lib/libmchp_peripheral_32MX270F256B.a(int_enable_mv_int_lib.o)
 .debug_aranges
                0x00000000000006c0       0x60 /opt/microchip/xc32/v2.40/bin/bin/../../lib/gcc/pic32mx/4.8.3/../../../../pic32mx/lib/libmchp_peripheral_32MX270F256B.a(int_tbl_lib.o)
 .debug_aranges
                0x0000000000000720       0x20 /opt/microchip/xc32/v2.40/bin/bin/../../lib/gcc/pic32mx/4.8.3/../../../../pic32mx/lib/libmchp_peripheral_32MX270F256B.a(rtcc_set_time_date_lib.o)
 .debug_aranges
                0x0000000000000740       0x20 /opt/microchip/xc32/v2.40/bin/bin/../../lib/gcc/pic32mx/4.8.3/../../../../pic32mx/lib/libmchp_peripheral_32MX270F256B.a(nvm_erase_page_lib.o)
 .debug_aranges
                0x0000000000000760       0x20 /opt/microchip/xc32/v2.40/bin/bin/../../lib/gcc/pic32mx/4.8.3/../../../../pic32mx/lib/libmchp_peripheral_32MX270F256B.a(nvm_operation_lib.o)
 .debug_aranges
                0x0000000000000780       0x20 /opt/microchip/xc32/v2.40/bin/bin/../../lib/gcc/pic32mx/4.8.3/../../../../pic32mx/lib/libmchp_peripheral_32MX270F256B.a(nvm_write_word_lib.o)
 .debug_aranges
                0x00000000000007a0       0x20 /opt/microchip/xc32/v2.40/bin/bin/../../lib/gcc/pic32mx/4.8.3/../../../../pic32mx/lib/libmchp_peripheral_32MX270F256B.a(_rtcc_set_time_and_date_lib.o)
 .debug_aranges
                0x00000000000007c0       0x28 /opt/microchip/xc32/v2.40/bin/bin/../../lib/gcc/pic32mx/4.8.3/../../../../pic32mx/lib/libmchp_peripheral_32MX270F256B.a(_rtcc_wait_clock_off_lib.o)
 .debug_aranges
                0x00000000000007e8       0x20 /opt/microchip/xc32/v2.40/bin/bin/../../lib/gcc/pic32mx/4.8.3/libgcc.a(_udivdi3.o)
 .debug_aranges
                0x0000000000000808       0x20 /opt/microchip/xc32/v2.40/bin/bin/../../lib/gcc/pic32mx/4.8.3/libgcc.a(floatunsisf.o)
 .debug_aranges
                0x0000000000000828       0x20 /opt/microchip/xc32/v2.40/bin/bin/../../lib/gcc/pic32mx/4.8.3/../../../../pic32mx/lib/libpic32.a(default-bootstrap-exception-handler.o)
 .debug_aranges
                0x0000000000000848       0x20 /opt/microchip/xc32/v2.40/bin/bin/../../lib/gcc/pic32mx/4.8.3/../../../../pic32mx/lib/libpic32.a(default-on-reset.o)
 .debug_aranges
                0x0000000000000868       0x20 /opt/microchip/xc32/v2.40/bin/bin/../../lib/gcc/pic32mx/4.8.3/../../../../pic32mx/lib/libpic32.a(default-on-bootstrap.o)
 .debug_aranges
                0x0000000000000888       0x20 /opt/microchip/xc32/v2.40/bin/bin/../../lib/gcc/pic32mx/4.8.3/../../../../pic32mx/lib/libpic32.a(defaultinterrupt.o)
 .debug_aranges
                0x00000000000008a8       0x20 /opt/microchip/xc32/v2.40/bin/bin/../../lib/gcc/pic32mx/4.8.3/../../../../pic32mx/lib/libc.a(atoi.o)
 .debug_aranges
                0x00000000000008c8       0x20 /opt/microchip/xc32/v2.40/bin/bin/../../lib/gcc/pic32mx/4.8.3/../../../../pic32mx/lib/libc.a(atol.o)
 .debug_aranges
                0x00000000000008e8       0x40 /opt/microchip/xc32/v2.40/bin/bin/../../lib/gcc/pic32mx/4.8.3/../../../../pic32mx/lib/libc.a(ctime.o)
 .debug_aranges
                0x0000000000000928       0x20 /opt/microchip/xc32/v2.40/bin/bin/../../lib/gcc/pic32mx/4.8.3/../../../../pic32mx/lib/libc.a(mktime.o)
 .debug_aranges
                0x0000000000000948       0x28 /opt/microchip/xc32/v2.40/bin/bin/../../lib/gcc/pic32mx/4.8.3/../../../../pic32mx/lib/libc.a(puts.o)
 .debug_aranges
                0x0000000000000970       0x28 /opt/microchip/xc32/v2.40/bin/bin/../../lib/gcc/pic32mx/4.8.3/../../../../pic32mx/lib/libc.a(rand.o)
 .debug_aranges
                0x0000000000000998       0x20 /opt/microchip/xc32/v2.40/bin/bin/../../lib/gcc/pic32mx/4.8.3/../../../../pic32mx/lib/libc.a(strncpy.o)
 .debug_aranges
                0x00000000000009b8       0x20 /opt/microchip/xc32/v2.40/bin/bin/../../lib/gcc/pic32mx/4.8.3/../../../../pic32mx/lib/libc.a(printf_cdfFnopuxX.eo)
 .debug_aranges
                0x00000000000009d8       0x20 /opt/microchip/xc32/v2.40/bin/bin/../../lib/gcc/pic32mx/4.8.3/../../../../pic32mx/lib/libc.a(snprintf_cdnopuxX.eo)
 .debug_aranges
                0x00000000000009f8       0x20 /opt/microchip/xc32/v2.40/bin/bin/../../lib/gcc/pic32mx/4.8.3/../../../../pic32mx/lib/libc.a(sprintf_cdnopsuxX.eo)
 .debug_aranges
                0x0000000000000a18       0x20 /opt/microchip/xc32/v2.40/bin/bin/../../lib/gcc/pic32mx/4.8.3/../../../../pic32mx/lib/libc.a(sscanf_cdnopuxX.eo)
 .debug_aranges
                0x0000000000000a38       0x20 /opt/microchip/xc32/v2.40/bin/bin/../../lib/gcc/pic32mx/4.8.3/../../../../pic32mx/lib/libc.a(vsnprintf_cdnopuxX.eo)
 .debug_aranges
                0x0000000000000a58       0x20 /opt/microchip/xc32/v2.40/bin/bin/../../lib/gcc/pic32mx/4.8.3/../../../../pic32mx/lib/libc.a(_fputc_simple.o)
 .debug_aranges
                0x0000000000000a78       0x30 /opt/microchip/xc32/v2.40/bin/bin/../../lib/gcc/pic32mx/4.8.3/../../../../pic32mx/lib/libc.a(doscan_cdnopuxX.eo)
 .debug_aranges
                0x0000000000000aa8       0x20 /opt/microchip/xc32/v2.40/bin/bin/../../lib/gcc/pic32mx/4.8.3/../../../../pic32mx/lib/libc.a(_flsbuf_simple.o)
 .debug_aranges
                0x0000000000000ac8       0x20 /opt/microchip/xc32/v2.40/bin/bin/../../lib/gcc/pic32mx/4.8.3/../../../../pic32mx/lib/libc.a(fgetc.o)
 .debug_aranges
                0x0000000000000ae8       0xa0 /opt/microchip/xc32/v2.40/bin/bin/../../lib/gcc/pic32mx/4.8.3/../../../../pic32mx/lib/libc.a(ctypef.o)
 .debug_aranges
                0x0000000000000b88       0x20 /opt/microchip/xc32/v2.40/bin/bin/../../lib/gcc/pic32mx/4.8.3/../../../../pic32mx/lib/libc.a(ungetc.o)
 .debug_aranges
                0x0000000000000ba8       0x20 /opt/microchip/xc32/v2.40/bin/bin/../../lib/gcc/pic32mx/4.8.3/../../../../pic32mx/lib/libc.a(filbuf.o)
 .debug_aranges
                0x0000000000000bc8       0x20 /opt/microchip/xc32/v2.40/bin/bin/../../lib/gcc/pic32mx/4.8.3/../../../../pic32mx/lib/libc.a(fflush.o)
 .debug_aranges
                0x0000000000000be8       0x28 /opt/microchip/xc32/v2.40/bin/bin/../../lib/gcc/pic32mx/4.8.3/../../../../pic32mx/lib/libc.a(doprnt_cdfFnopsuxX.eo)
 .debug_aranges
                0x0000000000000c10       0x20 /opt/microchip/xc32/v2.40/bin/bin/../../lib/gcc/pic32mx/4.8.3/../../../../pic32mx/lib/libe.a(_fixunsdfdi.o)
 .debug_aranges
                0x0000000000000c30       0x20 /opt/microchip/xc32/v2.40/bin/bin/../../lib/gcc/pic32mx/4.8.3/../../../../pic32mx/lib/libe.a(_orderdf2.o)
 .debug_aranges
                0x0000000000000c50       0x20 /opt/microchip/xc32/v2.40/bin/bin/../../lib/gcc/pic32mx/4.8.3/../../../../pic32mx/lib/libe.a(_fixdfdi.o)
 .debug_aranges
                0x0000000000000c70       0x20 /opt/microchip/xc32/v2.40/bin/bin/../../lib/gcc/pic32mx/4.8.3/libgcc.a(_floatundidf.o)
 .debug_aranges
                0x0000000000000c90       0x20 /opt/microchip/xc32/v2.40/bin/bin/../../lib/gcc/pic32mx/4.8.3/libgcc.a(_umoddi3.o)
 .debug_aranges
                0x0000000000000cb0       0x20 /opt/microchip/xc32/v2.40/bin/bin/../../lib/gcc/pic32mx/4.8.3/libgcc.a(floatunsidf.o)
 .debug_aranges
                0x0000000000000cd0       0x20 /opt/microchip/xc32/v2.40/bin/bin/../../lib/gcc/pic32mx/4.8.3/../../../../pic32mx/lib/libpic32.a(read.o)
 .debug_aranges
                0x0000000000000cf0       0x20 /opt/microchip/xc32/v2.40/bin/bin/../../lib/gcc/pic32mx/4.8.3/../../../../pic32mx/lib/libpic32.a(write.o)
 .debug_aranges
                0x0000000000000d10       0x20 /opt/microchip/xc32/v2.40/bin/bin/../../lib/gcc/pic32mx/4.8.3/../../../../pic32mx/lib/libpic32.a(_mon_putc.o)

.debug_pubnames
 *(.debug_pubnames)

.debug_info     0x0000000000000000    0x5431c
 *(.debug_info .gnu.linkonce.wi.*)
 .debug_info    0x0000000000000000     0x169b build/default/debug/config/config.o
 .debug_info    0x000000000000169b      0xf3e build/default/debug/delay/delay.o
 .debug_info    0x00000000000025d9     0x4ec6 build/default/debug/fatfs/ff.o
 .debug_info    0x000000000000749f      0x116 build/default/debug/fatfs/ffsystem.o
 .debug_info    0x00000000000075b5      0x318 build/default/debug/fatfs/ffunicode.o
 .debug_info    0x00000000000078cd     0x1b4a build/default/debug/fatfs/SPIFlash.o
 .debug_info    0x0000000000009417     0x14a3 build/default/debug/fatfs/diskio.o
 .debug_info    0x000000000000a8ba      0xd6d build/default/debug/net/Announce.o
 .debug_info    0x000000000000b627      0xd6c build/default/debug/net/ARCFOUR.o
 .debug_info    0x000000000000c393     0x19b5 build/default/debug/net/ARP.o
 .debug_info    0x000000000000dd48      0xd6b build/default/debug/net/AutoIP.o
 .debug_info    0x000000000000eab3      0xd70 build/default/debug/net/BerkeleyAPI.o
 .debug_info    0x000000000000f823      0xd6b build/default/debug/net/BigInt.o
 .debug_info    0x000000000001058e     0x37da build/default/debug/CustomHTTPApp.o
 .debug_info    0x0000000000013d68     0x2868 build/default/debug/net/DHCP.o
 .debug_info    0x00000000000165d0     0x23df build/default/debug/net/DNS.o
 .debug_info    0x00000000000189af     0x4d1d build/default/debug/net/ENC28J60.o
 .debug_info    0x000000000001d6cc      0xd68 build/default/debug/net/FTP.o
 .debug_info    0x000000000001e434     0x1082 build/default/debug/net/GenericTCPServer.o
 .debug_info    0x000000000001f4b6      0xd6b build/default/debug/net/Hashes.o
 .debug_info    0x0000000000020221     0x1ef6 build/default/debug/net/Helpers.o
 .debug_info    0x0000000000022117     0x3604 build/default/debug/net/HTTP2.o
 .debug_info    0x000000000002571b     0x1586 build/default/debug/net/ICMP.o
 .debug_info    0x0000000000026ca1     0x1944 build/default/debug/net/IP.o
 .debug_info    0x00000000000285e5     0x1796 build/default/debug/net/MPFS2.o
 .debug_info    0x0000000000029d7b      0xda6 build/default/debug/MPFSImg2.o
 .debug_info    0x000000000002ab21      0xd69 build/default/debug/net/NBNS.o
 .debug_info    0x000000000002b88a      0xd6b build/default/debug/net/Random.o
 .debug_info    0x000000000002c5f5      0xd6b build/default/debug/net/Reboot.o
 .debug_info    0x000000000002d360      0xd68 build/default/debug/net/RSA.o
 .debug_info    0x000000000002e0c8      0xd69 build/default/debug/net/SMTP.o
 .debug_info    0x000000000002ee31     0x1d1e build/default/debug/net/SNTP.o
 .debug_info    0x0000000000030b4f      0xd68 build/default/debug/net/SSL.o
 .debug_info    0x00000000000318b7     0x1a24 build/default/debug/net/StackTsk.o
 .debug_info    0x00000000000332db     0x407a build/default/debug/net/TCP.o
 .debug_info    0x0000000000037355      0xd6b build/default/debug/net/Telnet.o
 .debug_info    0x00000000000380c0     0x153a build/default/debug/net/Tick.o
 .debug_info    0x00000000000395fa     0x2440 build/default/debug/net/UDP.o
 .debug_info    0x000000000003ba3a      0xd73 build/default/debug/net/ZeroconfHelper.o
 .debug_info    0x000000000003c7ad      0xd76 build/default/debug/net/ZeroconfLinkLocal.o
 .debug_info    0x000000000003d523      0xd79 build/default/debug/net/ZeroconfMulticastDNS.o
 .debug_info    0x000000000003e29c      0xefc build/default/debug/nvram/nvram.o
 .debug_info    0x000000000003f198     0x12d3 build/default/debug/time/time.o
 .debug_info    0x000000000004046b     0x1eca build/default/debug/uart/uart.o
 .debug_info    0x0000000000042335     0x1e96 build/default/debug/uart/debug_uart.o
 .debug_info    0x00000000000441cb     0x12c2 build/default/debug/usb/event.o
 .debug_info    0x000000000004548d     0x13c9 build/default/debug/usb/usb_descriptors.o
 .debug_info    0x0000000000046856     0x383d build/default/debug/usb/usb_device.o
 .debug_info    0x000000000004a093     0x26a2 build/default/debug/usb/usb_function_cdc.o
 .debug_info    0x000000000004c735     0x3054 build/default/debug/main.o
 .debug_info    0x000000000004f789     0x11f6 build/default/debug/common.o
 .debug_info    0x000000000005097f       0xac /tmp/cc1HBx2X.o
 .debug_info    0x0000000000050a2b       0xa8 /opt/microchip/xc32/v2.40/bin/bin/../../lib/gcc/pic32mx/4.8.3/../../../../pic32mx/lib/libmchp_peripheral.a(read_core_timer_lib.o)
 .debug_info    0x0000000000050ad3       0xb0 /opt/microchip/xc32/v2.40/bin/bin/../../lib/gcc/pic32mx/4.8.3/../../../../pic32mx/lib/libmchp_peripheral_32MX270F256B.a(soft_reset_lib.o)
 .debug_info    0x0000000000050b83       0xb2 /opt/microchip/xc32/v2.40/bin/bin/../../lib/gcc/pic32mx/4.8.3/../../../../pic32mx/lib/libmchp_peripheral_32MX270F256B.a(int_enable_interrupts_lib.o)
 .debug_info    0x0000000000050c35       0xb4 /opt/microchip/xc32/v2.40/bin/bin/../../lib/gcc/pic32mx/4.8.3/../../../../pic32mx/lib/libmchp_peripheral_32MX270F256B.a(int_disable_interrupts_lib.o)
 .debug_info    0x0000000000050ce9       0xb4 /opt/microchip/xc32/v2.40/bin/bin/../../lib/gcc/pic32mx/4.8.3/../../../../pic32mx/lib/libmchp_peripheral_32MX270F256B.a(int_restore_interrupts_lib.o)
 .debug_info    0x0000000000050d9d       0xba /opt/microchip/xc32/v2.40/bin/bin/../../lib/gcc/pic32mx/4.8.3/../../../../pic32mx/lib/libmchp_peripheral_32MX270F256B.a(int_enable_mv_int_lib.o)
 .debug_info    0x0000000000050e57      0x19c /opt/microchip/xc32/v2.40/bin/bin/../../lib/gcc/pic32mx/4.8.3/../../../../pic32mx/lib/libmchp_peripheral_32MX270F256B.a(int_tbl_lib.o)
 .debug_info    0x0000000000050ff3       0xac /opt/microchip/xc32/v2.40/bin/bin/../../lib/gcc/pic32mx/4.8.3/../../../../pic32mx/lib/libmchp_peripheral_32MX270F256B.a(rtcc_set_time_date_lib.o)
 .debug_info    0x000000000005109f       0xa4 /opt/microchip/xc32/v2.40/bin/bin/../../lib/gcc/pic32mx/4.8.3/../../../../pic32mx/lib/libmchp_peripheral_32MX270F256B.a(nvm_erase_page_lib.o)
 .debug_info    0x0000000000051143       0xc5 /opt/microchip/xc32/v2.40/bin/bin/../../lib/gcc/pic32mx/4.8.3/../../../../pic32mx/lib/libmchp_peripheral_32MX270F256B.a(nvm_operation_lib.o)
 .debug_info    0x0000000000051208       0xa4 /opt/microchip/xc32/v2.40/bin/bin/../../lib/gcc/pic32mx/4.8.3/../../../../pic32mx/lib/libmchp_peripheral_32MX270F256B.a(nvm_write_word_lib.o)
 .debug_info    0x00000000000512ac      0x10d /opt/microchip/xc32/v2.40/bin/bin/../../lib/gcc/pic32mx/4.8.3/../../../../pic32mx/lib/libmchp_peripheral_32MX270F256B.a(_rtcc_set_time_and_date_lib.o)
 .debug_info    0x00000000000513b9       0xe6 /opt/microchip/xc32/v2.40/bin/bin/../../lib/gcc/pic32mx/4.8.3/../../../../pic32mx/lib/libmchp_peripheral_32MX270F256B.a(_rtcc_wait_clock_off_lib.o)
 .debug_info    0x000000000005149f      0x74b /opt/microchip/xc32/v2.40/bin/bin/../../lib/gcc/pic32mx/4.8.3/libgcc.a(_udivdi3.o)
 .debug_info    0x0000000000051bea      0x129 /opt/microchip/xc32/v2.40/bin/bin/../../lib/gcc/pic32mx/4.8.3/libgcc.a(floatunsisf.o)
 .debug_info    0x0000000000051d13       0xf4 /opt/microchip/xc32/v2.40/bin/bin/../../lib/gcc/pic32mx/4.8.3/../../../../pic32mx/lib/libpic32.a(default-bootstrap-exception-handler.o)
 .debug_info    0x0000000000051e07       0xcd /opt/microchip/xc32/v2.40/bin/bin/../../lib/gcc/pic32mx/4.8.3/../../../../pic32mx/lib/libpic32.a(default-on-reset.o)
 .debug_info    0x0000000000051ed4       0xd5 /opt/microchip/xc32/v2.40/bin/bin/../../lib/gcc/pic32mx/4.8.3/../../../../pic32mx/lib/libpic32.a(default-on-bootstrap.o)
 .debug_info    0x0000000000051fa9       0xe7 /opt/microchip/xc32/v2.40/bin/bin/../../lib/gcc/pic32mx/4.8.3/../../../../pic32mx/lib/libpic32.a(defaultinterrupt.o)
 .debug_info    0x0000000000052090       0xc0 /opt/microchip/xc32/v2.40/bin/bin/../../lib/gcc/pic32mx/4.8.3/../../../../pic32mx/lib/libc.a(atoi.o)
 .debug_info    0x0000000000052150       0xc0 /opt/microchip/xc32/v2.40/bin/bin/../../lib/gcc/pic32mx/4.8.3/../../../../pic32mx/lib/libc.a(atol.o)
 .debug_info    0x0000000000052210      0x132 /opt/microchip/xc32/v2.40/bin/bin/../../lib/gcc/pic32mx/4.8.3/../../../../pic32mx/lib/libc.a(ctime.o)
 .debug_info    0x0000000000052342      0x106 /opt/microchip/xc32/v2.40/bin/bin/../../lib/gcc/pic32mx/4.8.3/../../../../pic32mx/lib/libc.a(mktime.o)
 .debug_info    0x0000000000052448       0xd5 /opt/microchip/xc32/v2.40/bin/bin/../../lib/gcc/pic32mx/4.8.3/../../../../pic32mx/lib/libc.a(puts.o)
 .debug_info    0x000000000005251d       0xdb /opt/microchip/xc32/v2.40/bin/bin/../../lib/gcc/pic32mx/4.8.3/../../../../pic32mx/lib/libc.a(rand.o)